Archive member included to satisfy reference by file (symbol)

C:/ST/STM32CubeCLT_1.19.0/GNU-tools-for-STM32/bin/../lib/gcc/arm-none-eabi/13.3.1/thumb/v7e-m+fp/hard\libgcc.a(_aeabi_uldivmod.o)
                              cmake/stm32cubemx/CMakeFiles/STM32_Drivers.dir/C_/Users/david/STM32Cube/Repository/STM32Cube_FW_G4_V1.6.3/Drivers/STM32G4xx_HAL_Driver/Src/stm32g4xx_hal_uart.c.obj (__aeabi_uldivmod)
C:/ST/STM32CubeCLT_1.19.0/GNU-tools-for-STM32/bin/../lib/gcc/arm-none-eabi/13.3.1/thumb/v7e-m+fp/hard\libgcc.a(_udivmoddi4.o)
                              C:/ST/STM32CubeCLT_1.19.0/GNU-tools-for-STM32/bin/../lib/gcc/arm-none-eabi/13.3.1/thumb/v7e-m+fp/hard\libgcc.a(_aeabi_uldivmod.o) (__udivmoddi4)
C:/ST/STM32CubeCLT_1.19.0/GNU-tools-for-STM32/bin/../lib/gcc/arm-none-eabi/13.3.1/thumb/v7e-m+fp/hard\libgcc.a(_dvmd_tls.o)
                              C:/ST/STM32CubeCLT_1.19.0/GNU-tools-for-STM32/bin/../lib/gcc/arm-none-eabi/13.3.1/thumb/v7e-m+fp/hard\libgcc.a(_aeabi_uldivmod.o) (__aeabi_ldiv0)
C:/ST/STM32CubeCLT_1.19.0/GNU-tools-for-STM32/bin/../lib/gcc/arm-none-eabi/13.3.1/../../../../arm-none-eabi/lib/thumb/v7e-m+fp/hard\libg_nano.a(libc_a-exit.o)
                              C:/ST/STM32CubeCLT_1.19.0/GNU-tools-for-STM32/bin/../lib/gcc/arm-none-eabi/13.3.1/../../../../arm-none-eabi/lib/thumb/v7e-m+fp/hard/crt0.o (exit)
C:/ST/STM32CubeCLT_1.19.0/GNU-tools-for-STM32/bin/../lib/gcc/arm-none-eabi/13.3.1/../../../../arm-none-eabi/lib/thumb/v7e-m+fp/hard\libg_nano.a(libc_a-findfp.o)
                              C:/ST/STM32CubeCLT_1.19.0/GNU-tools-for-STM32/bin/../lib/gcc/arm-none-eabi/13.3.1/../../../../arm-none-eabi/lib/thumb/v7e-m+fp/hard\libg_nano.a(libc_a-exit.o) (__stdio_exit_handler)
C:/ST/STM32CubeCLT_1.19.0/GNU-tools-for-STM32/bin/../lib/gcc/arm-none-eabi/13.3.1/../../../../arm-none-eabi/lib/thumb/v7e-m+fp/hard\libg_nano.a(libc_a-fwalk.o)
                              C:/ST/STM32CubeCLT_1.19.0/GNU-tools-for-STM32/bin/../lib/gcc/arm-none-eabi/13.3.1/../../../../arm-none-eabi/lib/thumb/v7e-m+fp/hard\libg_nano.a(libc_a-findfp.o) (_fwalk_sglue)
C:/ST/STM32CubeCLT_1.19.0/GNU-tools-for-STM32/bin/../lib/gcc/arm-none-eabi/13.3.1/../../../../arm-none-eabi/lib/thumb/v7e-m+fp/hard\libg_nano.a(libc_a-printf.o)
                              CMakeFiles/VCU.dir/Core/Src/main.c.obj (printf)
C:/ST/STM32CubeCLT_1.19.0/GNU-tools-for-STM32/bin/../lib/gcc/arm-none-eabi/13.3.1/../../../../arm-none-eabi/lib/thumb/v7e-m+fp/hard\libg_nano.a(libc_a-puts.o)
                              CMakeFiles/VCU.dir/Core/Src/main.c.obj (puts)
C:/ST/STM32CubeCLT_1.19.0/GNU-tools-for-STM32/bin/../lib/gcc/arm-none-eabi/13.3.1/../../../../arm-none-eabi/lib/thumb/v7e-m+fp/hard\libg_nano.a(libc_a-setvbuf.o)
                              CMakeFiles/VCU.dir/Core/Src/main.c.obj (setvbuf)
C:/ST/STM32CubeCLT_1.19.0/GNU-tools-for-STM32/bin/../lib/gcc/arm-none-eabi/13.3.1/../../../../arm-none-eabi/lib/thumb/v7e-m+fp/hard\libg_nano.a(libc_a-stdio.o)
                              C:/ST/STM32CubeCLT_1.19.0/GNU-tools-for-STM32/bin/../lib/gcc/arm-none-eabi/13.3.1/../../../../arm-none-eabi/lib/thumb/v7e-m+fp/hard\libg_nano.a(libc_a-findfp.o) (__sread)
C:/ST/STM32CubeCLT_1.19.0/GNU-tools-for-STM32/bin/../lib/gcc/arm-none-eabi/13.3.1/../../../../arm-none-eabi/lib/thumb/v7e-m+fp/hard\libg_nano.a(libc_a-wbuf.o)
                              C:/ST/STM32CubeCLT_1.19.0/GNU-tools-for-STM32/bin/../lib/gcc/arm-none-eabi/13.3.1/../../../../arm-none-eabi/lib/thumb/v7e-m+fp/hard\libg_nano.a(libc_a-puts.o) (__swbuf_r)
C:/ST/STM32CubeCLT_1.19.0/GNU-tools-for-STM32/bin/../lib/gcc/arm-none-eabi/13.3.1/../../../../arm-none-eabi/lib/thumb/v7e-m+fp/hard\libg_nano.a(libc_a-wsetup.o)
                              C:/ST/STM32CubeCLT_1.19.0/GNU-tools-for-STM32/bin/../lib/gcc/arm-none-eabi/13.3.1/../../../../arm-none-eabi/lib/thumb/v7e-m+fp/hard\libg_nano.a(libc_a-puts.o) (__swsetup_r)
C:/ST/STM32CubeCLT_1.19.0/GNU-tools-for-STM32/bin/../lib/gcc/arm-none-eabi/13.3.1/../../../../arm-none-eabi/lib/thumb/v7e-m+fp/hard\libg_nano.a(libc_a-memset.o)
                              C:/ST/STM32CubeCLT_1.19.0/GNU-tools-for-STM32/bin/../lib/gcc/arm-none-eabi/13.3.1/../../../../arm-none-eabi/lib/thumb/v7e-m+fp/hard/crt0.o (memset)
C:/ST/STM32CubeCLT_1.19.0/GNU-tools-for-STM32/bin/../lib/gcc/arm-none-eabi/13.3.1/../../../../arm-none-eabi/lib/thumb/v7e-m+fp/hard\libg_nano.a(libc_a-closer.o)
                              C:/ST/STM32CubeCLT_1.19.0/GNU-tools-for-STM32/bin/../lib/gcc/arm-none-eabi/13.3.1/../../../../arm-none-eabi/lib/thumb/v7e-m+fp/hard\libg_nano.a(libc_a-stdio.o) (_close_r)
C:/ST/STM32CubeCLT_1.19.0/GNU-tools-for-STM32/bin/../lib/gcc/arm-none-eabi/13.3.1/../../../../arm-none-eabi/lib/thumb/v7e-m+fp/hard\libg_nano.a(libc_a-reent.o)
                              C:/ST/STM32CubeCLT_1.19.0/GNU-tools-for-STM32/bin/../lib/gcc/arm-none-eabi/13.3.1/../../../../arm-none-eabi/lib/thumb/v7e-m+fp/hard\libg_nano.a(libc_a-closer.o) (errno)
[...]
Memory Configuration

Name             Origin             Length             Attributes
RAM              0x20000000         0x00020000         xrw
FLASH            0x08000000         0x00080000         xr
*default*        0x00000000         0xffffffff

Linker script and memory map

LOAD C:/ST/STM32CubeCLT_1.19.0/GNU-tools-for-STM32/bin/../lib/gcc/arm-none-eabi/13.3.1/thumb/v7e-m+fp/hard/crti.o
LOAD C:/ST/STM32CubeCLT_1.19.0/GNU-tools-for-STM32/bin/../lib/gcc/arm-none-eabi/13.3.1/thumb/v7e-m+fp/hard/crtbegin.o
LOAD C:/ST/STM32CubeCLT_1.19.0/GNU-tools-for-STM32/bin/../lib/gcc/arm-none-eabi/13.3.1/../../../../arm-none-eabi/lib/thumb/v7e-m+fp/hard/crt0.o
LOAD cmake/stm32cubemx/CMakeFiles/STM32_Drivers.dir/__/__/Core/Src/system_stm32g4xx.c.obj
LOAD cmake/stm32cubemx/CMakeFiles/STM32_Drivers.dir/C_/Users/david/STM32Cube/Repository/STM32Cube_FW_G4_V1.6.3/Drivers/STM32G4xx_HAL_Driver/Src/stm32g4xx_hal_adc.c.obj
LOAD cmake/stm32cubemx/CMakeFiles/STM32_Drivers.dir/C_/Users/david/STM32Cube/Repository/STM32Cube_FW_G4_V1.6.3/Drivers/STM32G4xx_HAL_Driver/Src/stm32g4xx_hal_adc_ex.c.obj
LOAD cmake/stm32cubemx/CMakeFiles/STM32_Drivers.dir/C_/Users/david/STM32Cube/Repository/STM32Cube_FW_G4_V1.6.3/Drivers/STM32G4xx_HAL_Driver/Src/stm32g4xx_ll_adc.c.obj
LOAD cmake/stm32cubemx/CMakeFiles/STM32_Drivers.dir/C_/Users/david/STM32Cube/Repository/STM32Cube_FW_G4_V1.6.3/Drivers/STM32G4xx_HAL_Driver/Src/stm32g4xx_hal.c.obj
LOAD cmake/stm32cubemx/CMakeFiles/STM32_Drivers.dir/C_/Users/david/STM32Cube/Repository/STM32Cube_FW_G4_V1.6.3/Drivers/STM32G4xx_HAL_Driver/Src/stm32g4xx_hal_rcc.c.obj
LOAD cmake/stm32cubemx/CMakeFiles/STM32_Drivers.dir/C_/Users/david/STM32Cube/Repository/STM32Cube_FW_G4_V1.6.3/Drivers/STM32G4xx_HAL_Driver/Src/stm32g4xx_hal_rcc_ex.c.obj
LOAD cmake/stm32cubemx/CMakeFiles/STM32_Drivers.dir/C_/Users/david/STM32Cube/Repository/STM32Cube_FW_G4_V1.6.3/Drivers/STM32G4xx_HAL_Driver/Src/stm32g4xx_hal_flash.c.obj
LOAD cmake/stm32cubemx/CMakeFiles/STM32_Drivers.dir/C_/Users/david/STM32Cube/Repository/STM32Cube_FW_G4_V1.6.3/Drivers/STM32G4xx_HAL_Driver/Src/stm32g4xx_hal_flash_ex.c.obj
LOAD cmake/stm32cubemx/CMakeFiles/STM32_Drivers.dir/C_/Users/david/STM32Cube/Repository/STM32Cube_FW_G4_V1.6.3/Drivers/STM32G4xx_HAL_Driver/Src/stm32g4xx_hal_flash_ramfunc.c.obj
LOAD cmake/stm32cubemx/CMakeFiles/STM32_Drivers.dir/C_/Users/david/STM32Cube/Repository/STM32Cube_FW_G4_V1.6.3/Drivers/STM32G4xx_HAL_Driver/Src/stm32g4xx_hal_gpio.c.obj
LOAD cmake/stm32cubemx/CMakeFiles/STM32_Drivers.dir/C_/Users/david/STM32Cube/Repository/STM32Cube_FW_G4_V1.6.3/Drivers/STM32G4xx_HAL_Driver/Src/stm32g4xx_hal_exti.c.obj
LOAD cmake/stm32cubemx/CMakeFiles/STM32_Drivers.dir/C_/Users/david/STM32Cube/Repository/STM32Cube_FW_G4_V1.6.3/Drivers/STM32G4xx_HAL_Driver/Src/stm32g4xx_hal_dma.c.obj
LOAD cmake/stm32cubemx/CMakeFiles/STM32_Drivers.dir/C_/Users/david/STM32Cube/Repository/STM32Cube_FW_G4_V1.6.3/Drivers/STM32G4xx_HAL_Driver/Src/stm32g4xx_hal_dma_ex.c.obj
LOAD cmake/stm32cubemx/CMakeFiles/STM32_Drivers.dir/C_/Users/david/STM32Cube/Repository/STM32Cube_FW_G4_V1.6.3/Drivers/STM32G4xx_HAL_Driver/Src/stm32g4xx_hal_pwr.c.obj
LOAD cmake/stm32cubemx/CMakeFiles/STM32_Drivers.dir/C_/Users/david/STM32Cube/Repository/STM32Cube_FW_G4_V1.6.3/Drivers/STM32G4xx_HAL_Driver/Src/stm32g4xx_hal_pwr_ex.c.obj
LOAD cmake/stm32cubemx/CMakeFiles/STM32_Drivers.dir/C_/Users/david/STM32Cube/Repository/STM32Cube_FW_G4_V1.6.3/Drivers/STM32G4xx_HAL_Driver/Src/stm32g4xx_hal_cortex.c.obj
LOAD cmake/stm32cubemx/CMakeFiles/STM32_Drivers.dir/C_/Users/david/STM32Cube/Repository/STM32Cube_FW_G4_V1.6.3/Drivers/STM32G4xx_HAL_Driver/Src/stm32g4xx_hal_fdcan.c.obj
LOAD cmake/stm32cubemx/CMakeFiles/STM32_Drivers.dir/C_/Users/david/STM32Cube/Repository/STM32Cube_FW_G4_V1.6.3/Drivers/STM32G4xx_HAL_Driver/Src/stm32g4xx_hal_usart.c.obj
LOAD cmake/stm32cubemx/CMakeFiles/STM32_Drivers.dir/C_/Users/david/STM32Cube/Repository/STM32Cube_FW_G4_V1.6.3/Drivers/STM32G4xx_HAL_Driver/Src/stm32g4xx_hal_usart_ex.c.obj
LOAD cmake/stm32cubemx/CMakeFiles/STM32_Drivers.dir/C_/Users/david/STM32Cube/Repository/STM32Cube_FW_G4_V1.6.3/Drivers/STM32G4xx_HAL_Driver/Src/stm32g4xx_hal_uart_ex.c.obj
LOAD cmake/stm32cubemx/CMakeFiles/STM32_Drivers.dir/C_/Users/david/STM32Cube/Repository/STM32Cube_FW_G4_V1.6.3/Drivers/STM32G4xx_HAL_Driver/Src/stm32g4xx_hal_uart.c.obj
LOAD cmake/stm32cubemx/CMakeFiles/STM32_Drivers.dir/C_/Users/david/STM32Cube/Repository/STM32Cube_FW_G4_V1.6.3/Drivers/BSP/STM32G4xx_Nucleo/stm32g4xx_nucleo.c.obj
LOAD CMakeFiles/VCU.dir/Core/Src/main.c.obj
LOAD CMakeFiles/VCU.dir/Core/Src/gpio.c.obj
LOAD CMakeFiles/VCU.dir/Core/Src/adc.c.obj
LOAD CMakeFiles/VCU.dir/Core/Src/fdcan.c.obj
LOAD CMakeFiles/VCU.dir/Core/Src/stm32g4xx_it.c.obj
LOAD CMakeFiles/VCU.dir/Core/Src/stm32g4xx_hal_msp.c.obj
LOAD CMakeFiles/VCU.dir/Core/Src/sysmem.c.obj
LOAD CMakeFiles/VCU.dir/Core/Src/syscalls.c.obj
LOAD CMakeFiles/VCU.dir/startup_stm32g474xx.s.obj
LOAD C:/ST/STM32CubeCLT_1.19.0/GNU-tools-for-STM32/bin/../lib/gcc/arm-none-eabi/13.3.1/../../../../arm-none-eabi/lib/thumb/v7e-m+fp/hard\libm.a
START GROUP
LOAD C:/ST/STM32CubeCLT_1.19.0/GNU-tools-for-STM32/bin/../lib/gcc/arm-none-eabi/13.3.1/thumb/v7e-m+fp/hard\libgcc.a
LOAD C:/ST/STM32CubeCLT_1.19.0/GNU-tools-for-STM32/bin/../lib/gcc/arm-none-eabi/13.3.1/../../../../arm-none-eabi/lib/thumb/v7e-m+fp/hard\libg_nano.a
LOAD C:/ST/STM32CubeCLT_1.19.0/GNU-tools-for-STM32/bin/../lib/gcc/arm-none-eabi/13.3.1/../../../../arm-none-eabi/lib/thumb/v7e-m+fp/hard\libc_nano.a
END GROUP
START GROUP
LOAD C:/ST/STM32CubeCLT_1.19.0/GNU-tools-for-STM32/bin/../lib/gcc/arm-none-eabi/13.3.1/thumb/v7e-m+fp/hard\libgcc.a
LOAD C:/ST/STM32CubeCLT_1.19.0/GNU-tools-for-STM32/bin/../lib/gcc/arm-none-eabi/13.3.1/../../../../arm-none-eabi/lib/thumb/v7e-m+fp/hard\libc_nano.a
END GROUP
LOAD C:/ST/STM32CubeCLT_1.19.0/GNU-tools-for-STM32/bin/../lib/gcc/arm-none-eabi/13.3.1/thumb/v7e-m+fp/hard/crtend.o
LOAD C:/ST/STM32CubeCLT_1.19.0/GNU-tools-for-STM32/bin/../lib/gcc/arm-none-eabi/13.3.1/thumb/v7e-m+fp/hard/crtn.o
                0x20020000                        _estack = (ORIGIN (RAM) + LENGTH (RAM))
                0x00000200                        _Min_Heap_Size = 0x200
                0x00000400                        _Min_Stack_Size = 0x400

.isr_vector     0x08000000      0x1d8
                0x08000000                        . = ALIGN (0x4)
 *(.isr_vector)
 .isr_vector    0x08000000      0x1d8 CMakeFiles/VCU.dir/startup_stm32g474xx.s.obj
                0x08000000                g_pfnVectors
                0x080001d8                        . = ALIGN (0x4)

.text           0x080001e0     0xa380
                0x080001e0                        . = ALIGN (0x4)
 *(.text)
 .text          0x080001e0       0x40 C:/ST/STM32CubeCLT_1.19.0/GNU-tools-for-STM32/bin/../lib/gcc/arm-none-eabi/13.3.1/thumb/v7e-m+fp/hard/crtbegin.o
 .text          0x08000220       0x30 C:/ST/STM32CubeCLT_1.19.0/GNU-tools-for-STM32/bin/../lib/gcc/arm-none-eabi/13.3.1/thumb/v7e-m+fp/hard\libgcc.a(_aeabi_uldivmod.o)
                0x08000220                __aeabi_uldivmod
 .text          0x08000250      0x2f8 C:/ST/STM32CubeCLT_1.19.0/GNU-tools-for-STM32/bin/../lib/gcc/arm-none-eabi/13.3.1/thumb/v7e-m+fp/hard\libgcc.a(_udivmoddi4.o)
                0x08000250                __udivmoddi4
 .text          0x08000548        0x4 C:/ST/STM32CubeCLT_1.19.0/GNU-tools-for-STM32/bin/../lib/gcc/arm-none-eabi/13.3.1/thumb/v7e-m+fp/hard\libgcc.a(_dvmd_tls.o)
                0x08000548                __aeabi_idiv0
                0x08000548                __aeabi_ldiv0
 *fill*         0x0800054c        0x4 
 .text          0x08000550       0xa0 C:/ST/STM32CubeCLT_1.19.0/GNU-tools-for-STM32/bin/../lib/gcc/arm-none-eabi/13.3.1/../../../../arm-none-eabi/lib/thumb/v7e-m+fp/hard\libg_nano.a(libc_a-memchr.o)
                0x08000550                memchr
 *(.text*)
 .text.SystemInit
                0x080005f0       0x24 cmake/stm32cubemx/CMakeFiles/STM32_Drivers.dir/__/__/Core/Src/system_stm32g4xx.c.obj
                0x080005f0                SystemInit
 .text.LL_ADC_SetCommonClock
                0x08000614       0x26 cmake/stm32cubemx/CMakeFiles/STM32_Drivers.dir/C_/Users/david/STM32Cube/Repository/STM32Cube_FW_G4_V1.6.3/Drivers/STM32G4xx_HAL_Driver/Src/stm32g4xx_hal_adc.c.obj
 .text.LL_ADC_SetCommonPathInternalCh
                0x0800063a       0x26 cmake/stm32cubemx/CMakeFiles/STM32_Drivers.dir/C_/Users/david/STM32Cube/Repository/STM32Cube_FW_G4_V1.6.3/Drivers/STM32G4xx_HAL_Driver/Src/stm32g4xx_hal_adc.c.obj
 .text.LL_ADC_GetCommonPathInternalCh
                0x08000660       0x1c cmake/stm32cubemx/CMakeFiles/STM32_Drivers.dir/C_/Users/david/STM32Cube/Repository/STM32Cube_FW_G4_V1.6.3/Drivers/STM32G4xx_HAL_Driver/Src/stm32g4xx_hal_adc.c.obj
 .text.LL_ADC_GetResolution
                0x0800067c       0x1c cmake/stm32cubemx/CMakeFiles/STM32_Drivers.dir/C_/Users/david/STM32Cube/Repository/STM32Cube_FW_G4_V1.6.3/Drivers/STM32G4xx_HAL_Driver/Src/stm32g4xx_hal_adc.c.obj
 .text.LL_ADC_SetOffset
                0x08000698       0x48 cmake/stm32cubemx/CMakeFiles/STM32_Drivers.dir/C_/Users/david/STM32Cube/Repository/STM32Cube_FW_G4_V1.6.3/Drivers/STM32G4xx_HAL_Driver/Src/stm32g4xx_hal_adc.c.obj
 .text.LL_ADC_GetOffsetChannel
                0x080006e0       0x2c cmake/stm32cubemx/CMakeFiles/STM32_Drivers.dir/C_/Users/david/STM32Cube/Repository/STM32Cube_FW_G4_V1.6.3/Drivers/STM32G4xx_HAL_Driver/Src/stm32g4xx_hal_adc.c.obj
 .text.LL_ADC_SetOffsetState
                0x0800070c       0x36 cmake/stm32cubemx/CMakeFiles/STM32_Drivers.dir/C_/Users/david/STM32Cube/Repository/STM32Cube_FW_G4_V1.6.3/Drivers/STM32G4xx_HAL_Driver/Src/stm32g4xx_hal_adc.c.obj
 .text.LL_ADC_SetOffsetSign
                0x08000742       0x36 cmake/stm32cubemx/CMakeFiles/STM32_Drivers.dir/C_/Users/david/STM32Cube/Repository/STM32Cube_FW_G4_V1.6.3/Drivers/STM32G4xx_HAL_Driver/Src/stm32g4xx_hal_adc.c.obj
 .text.LL_ADC_SetOffsetSaturation
                0x08000778       0x36 cmake/stm32cubemx/CMakeFiles/STM32_Drivers.dir/C_/Users/david/STM32Cube/Repository/STM32Cube_FW_G4_V1.6.3/Drivers/STM32G4xx_HAL_Driver/Src/stm32g4xx_hal_adc.c.obj
 .text.LL_ADC_SetSamplingTimeCommonConfig
                0x080007ae       0x26 cmake/stm32cubemx/CMakeFiles/STM32_Drivers.dir/C_/Users/david/STM32Cube/Repository/STM32Cube_FW_G4_V1.6.3/Drivers/STM32G4xx_HAL_Driver/Src/stm32g4xx_hal_adc.c.obj
 .text.LL_ADC_REG_IsTriggerSourceSWStart
                0x080007d4       0x26 cmake/stm32cubemx/CMakeFiles/STM32_Drivers.dir/C_/Users/david/STM32Cube/Repository/STM32Cube_FW_G4_V1.6.3/Drivers/STM32G4xx_HAL_Driver/Src/stm32g4xx_hal_adc.c.obj
 .text.LL_ADC_REG_SetSequencerRanks
                0x080007fa       0x58 cmake/stm32cubemx/CMakeFiles/STM32_Drivers.dir/C_/Users/david/STM32Cube/Repository/STM32Cube_FW_G4_V1.6.3/Drivers/STM32G4xx_HAL_Driver/Src/stm32g4xx_hal_adc.c.obj
 .text.LL_ADC_INJ_IsTriggerSourceSWStart
                0x08000852       0x26 cmake/stm32cubemx/CMakeFiles/STM32_Drivers.dir/C_/Users/david/STM32Cube/Repository/STM32Cube_FW_G4_V1.6.3/Drivers/STM32G4xx_HAL_Driver/Src/stm32g4xx_hal_adc.c.obj
 .text.LL_ADC_SetChannelSamplingTime
                0x08000878       0x56 cmake/stm32cubemx/CMakeFiles/STM32_Drivers.dir/C_/Users/david/STM32Cube/Repository/STM32Cube_FW_G4_V1.6.3/Drivers/STM32G4xx_HAL_Driver/Src/stm32g4xx_hal_adc.c.obj
 *fill*         0x080008ce        0x2 
 .text.LL_ADC_SetChannelSingleDiff
                0x080008d0       0x48 cmake/stm32cubemx/CMakeFiles/STM32_Drivers.dir/C_/Users/david/STM32Cube/Repository/STM32Cube_FW_G4_V1.6.3/Drivers/STM32G4xx_HAL_Driver/Src/stm32g4xx_hal_adc.c.obj
 .text.LL_ADC_GetMultimode
                0x08000918       0x1c cmake/stm32cubemx/CMakeFiles/STM32_Drivers.dir/C_/Users/david/STM32Cube/Repository/STM32Cube_FW_G4_V1.6.3/Drivers/STM32G4xx_HAL_Driver/Src/stm32g4xx_hal_adc.c.obj
 .text.LL_ADC_GetMultiDMATransfer
                0x08000934       0x1c cmake/stm32cubemx/CMakeFiles/STM32_Drivers.dir/C_/Users/david/STM32Cube/Repository/STM32Cube_FW_G4_V1.6.3/Drivers/STM32G4xx_HAL_Driver/Src/stm32g4xx_hal_adc.c.obj
 .text.LL_ADC_DisableDeepPowerDown
                0x08000950       0x24 cmake/stm32cubemx/CMakeFiles/STM32_Drivers.dir/C_/Users/david/STM32Cube/Repository/STM32Cube_FW_G4_V1.6.3/Drivers/STM32G4xx_HAL_Driver/Src/stm32g4xx_hal_adc.c.obj
 .text.LL_ADC_IsDeepPowerDownEnabled
                0x08000974       0x28 cmake/stm32cubemx/CMakeFiles/STM32_Drivers.dir/C_/Users/david/STM32Cube/Repository/STM32Cube_FW_G4_V1.6.3/Drivers/STM32G4xx_HAL_Driver/Src/stm32g4xx_hal_adc.c.obj
 .text.LL_ADC_EnableInternalRegulator
                0x0800099c       0x28 cmake/stm32cubemx/CMakeFiles/STM32_Drivers.dir/C_/Users/david/STM32Cube/Repository/STM32Cube_FW_G4_V1.6.3/Drivers/STM32G4xx_HAL_Driver/Src/stm32g4xx_hal_adc.c.obj
 .text.LL_ADC_IsInternalRegulatorEnabled
                0x080009c4       0x28 cmake/stm32cubemx/CMakeFiles/STM32_Drivers.dir/C_/Users/david/STM32Cube/Repository/STM32Cube_FW_G4_V1.6.3/Drivers/STM32G4xx_HAL_Driver/Src/stm32g4xx_hal_adc.c.obj
 .text.LL_ADC_Enable
                0x080009ec       0x28 cmake/stm32cubemx/CMakeFiles/STM32_Drivers.dir/C_/Users/david/STM32Cube/Repository/STM32Cube_FW_G4_V1.6.3/Drivers/STM32G4xx_HAL_Driver/Src/stm32g4xx_hal_adc.c.obj
 .text.LL_ADC_Disable
                0x08000a14       0x28 cmake/stm32cubemx/CMakeFiles/STM32_Drivers.dir/C_/Users/david/STM32Cube/Repository/STM32Cube_FW_G4_V1.6.3/Drivers/STM32G4xx_HAL_Driver/Src/stm32g4xx_hal_adc.c.obj
 .text.LL_ADC_IsEnabled
                0x08000a3c       0x26 cmake/stm32cubemx/CMakeFiles/STM32_Drivers.dir/C_/Users/david/STM32Cube/Repository/STM32Cube_FW_G4_V1.6.3/Drivers/STM32G4xx_HAL_Driver/Src/stm32g4xx_hal_adc.c.obj
 .text.LL_ADC_IsDisableOngoing
                0x08000a62       0x26 cmake/stm32cubemx/CMakeFiles/STM32_Drivers.dir/C_/Users/david/STM32Cube/Repository/STM32Cube_FW_G4_V1.6.3/Drivers/STM32G4xx_HAL_Driver/Src/stm32g4xx_hal_adc.c.obj
 .text.LL_ADC_REG_StartConversion
                0x08000a88       0x28 cmake/stm32cubemx/CMakeFiles/STM32_Drivers.dir/C_/Users/david/STM32Cube/Repository/STM32Cube_FW_G4_V1.6.3/Drivers/STM32G4xx_HAL_Driver/Src/stm32g4xx_hal_adc.c.obj
 .text.LL_ADC_REG_StopConversion
                0x08000ab0       0x28 cmake/stm32cubemx/CMakeFiles/STM32_Drivers.dir/C_/Users/david/STM32Cube/Repository/STM32Cube_FW_G4_V1.6.3/Drivers/STM32G4xx_HAL_Driver/Src/stm32g4xx_hal_adc.c.obj
 .text.LL_ADC_REG_IsConversionOngoing
                0x08000ad8       0x26 cmake/stm32cubemx/CMakeFiles/STM32_Drivers.dir/C_/Users/david/STM32Cube/Repository/STM32Cube_FW_G4_V1.6.3/Drivers/STM32G4xx_HAL_Driver/Src/stm32g4xx_hal_adc.c.obj
 .text.LL_ADC_INJ_StopConversion
                0x08000afe       0x28 cmake/stm32cubemx/CMakeFiles/STM32_Drivers.dir/C_/Users/david/STM32Cube/Repository/STM32Cube_FW_G4_V1.6.3/Drivers/STM32G4xx_HAL_Driver/Src/stm32g4xx_hal_adc.c.obj
 .text.LL_ADC_INJ_IsConversionOngoing
                0x08000b26       0x26 cmake/stm32cubemx/CMakeFiles/STM32_Drivers.dir/C_/Users/david/STM32Cube/Repository/STM32Cube_FW_G4_V1.6.3/Drivers/STM32G4xx_HAL_Driver/Src/stm32g4xx_hal_adc.c.obj
 .text.HAL_ADC_Init
                0x08000b4c      0x940 cmake/stm32cubemx/CMakeFiles/STM32_Drivers.dir/C_/Users/david/STM32Cube/Repository/STM32Cube_FW_G4_V1.6.3/Drivers/STM32G4xx_HAL_Driver/Src/stm32g4xx_hal_adc.c.obj
                0x08000b4c                HAL_ADC_Init
 .text.HAL_ADC_Start
                0x0800148c      0x20c cmake/stm32cubemx/CMakeFiles/STM32_Drivers.dir/C_/Users/david/STM32Cube/Repository/STM32Cube_FW_G4_V1.6.3/Drivers/STM32G4xx_HAL_Driver/Src/stm32g4xx_hal_adc.c.obj
                0x0800148c                HAL_ADC_Start
 .text.HAL_ADC_Stop
                0x08001698       0xb8 cmake/stm32cubemx/CMakeFiles/STM32_Drivers.dir/C_/Users/david/STM32Cube/Repository/STM32Cube_FW_G4_V1.6.3/Drivers/STM32G4xx_HAL_Driver/Src/stm32g4xx_hal_adc.c.obj
                0x08001698                HAL_ADC_Stop
 .text.HAL_ADC_PollForConversion
                0x08001750      0x250 cmake/stm32cubemx/CMakeFiles/STM32_Drivers.dir/C_/Users/david/STM32Cube/Repository/STM32Cube_FW_G4_V1.6.3/Drivers/STM32G4xx_HAL_Driver/Src/stm32g4xx_hal_adc.c.obj
                0x08001750                HAL_ADC_PollForConversion
 .text.HAL_ADC_GetValue
                0x080019a0       0x68 cmake/stm32cubemx/CMakeFiles/STM32_Drivers.dir/C_/Users/david/STM32Cube/Repository/STM32Cube_FW_G4_V1.6.3/Drivers/STM32G4xx_HAL_Driver/Src/stm32g4xx_hal_adc.c.obj
                0x080019a0                HAL_ADC_GetValue
 .text.HAL_ADC_IRQHandler
                0x08001a08      0x520 cmake/stm32cubemx/CMakeFiles/STM32_Drivers.dir/C_/Users/david/STM32Cube/Repository/STM32Cube_FW_G4_V1.6.3/Drivers/STM32G4xx_HAL_Driver/Src/stm32g4xx_hal_adc.c.obj
                0x08001a08                HAL_ADC_IRQHandler
 .text.HAL_ADC_ConvCpltCallback
                0x08001f28       0x14 cmake/stm32cubemx/CMakeFiles/STM32_Drivers.dir/C_/Users/david/STM32Cube/Repository/STM32Cube_FW_G4_V1.6.3/Drivers/STM32G4xx_HAL_Driver/Src/stm32g4xx_hal_adc.c.obj
                0x08001f28                HAL_ADC_ConvCpltCallback
 .text.HAL_ADC_LevelOutOfWindowCallback
                0x08001f3c       0x14 cmake/stm32cubemx/CMakeFiles/STM32_Drivers.dir/C_/Users/david/STM32Cube/Repository/STM32Cube_FW_G4_V1.6.3/Drivers/STM32G4xx_HAL_Driver/Src/stm32g4xx_hal_adc.c.obj
                0x08001f3c                HAL_ADC_LevelOutOfWindowCallback
 .text.HAL_ADC_ErrorCallback
                0x08001f50       0x14 cmake/stm32cubemx/CMakeFiles/STM32_Drivers.dir/C_/Users/david/STM32Cube/Repository/STM32Cube_FW_G4_V1.6.3/Drivers/STM32G4xx_HAL_Driver/Src/stm32g4xx_hal_adc.c.obj
                0x08001f50                HAL_ADC_ErrorCallback
 .text.HAL_ADC_ConfigChannel
                0x08001f64      0xf70 cmake/stm32cubemx/CMakeFiles/STM32_Drivers.dir/C_/Users/david/STM32Cube/Repository/STM32Cube_FW_G4_V1.6.3/Drivers/STM32G4xx_HAL_Driver/Src/stm32g4xx_hal_adc.c.obj
                0x08001f64                HAL_ADC_ConfigChannel
 .text.ADC_ConversionStop
                0x08002ed4      0x1e4 cmake/stm32cubemx/CMakeFiles/STM32_Drivers.dir/C_/Users/david/STM32Cube/Repository/STM32Cube_FW_G4_V1.6.3/Drivers/STM32G4xx_HAL_Driver/Src/stm32g4xx_hal_adc.c.obj
                0x08002ed4                ADC_ConversionStop
 .text.ADC_Enable
                0x080030b8      0x12c cmake/stm32cubemx/CMakeFiles/STM32_Drivers.dir/C_/Users/david/STM32Cube/Repository/STM32Cube_FW_G4_V1.6.3/Drivers/STM32G4xx_HAL_Driver/Src/stm32g4xx_hal_adc.c.obj
                0x080030b8                ADC_Enable
 .text.ADC_Disable
                0x080031e4       0xbe cmake/stm32cubemx/CMakeFiles/STM32_Drivers.dir/C_/Users/david/STM32Cube/Repository/STM32Cube_FW_G4_V1.6.3/Drivers/STM32G4xx_HAL_Driver/Src/stm32g4xx_hal_adc.c.obj
                0x080031e4                ADC_Disable
 .text.LL_ADC_IsEnabled
                0x080032a2       0x26 cmake/stm32cubemx/CMakeFiles/STM32_Drivers.dir/C_/Users/david/STM32Cube/Repository/STM32Cube_FW_G4_V1.6.3/Drivers/STM32G4xx_HAL_Driver/Src/stm32g4xx_hal_adc_ex.c.obj
 .text.LL_ADC_StartCalibration
                0x080032c8       0x32 cmake/stm32cubemx/CMakeFiles/STM32_Drivers.dir/C_/Users/david/STM32Cube/Repository/STM32Cube_FW_G4_V1.6.3/Drivers/STM32G4xx_HAL_Driver/Src/stm32g4xx_hal_adc_ex.c.obj
 .text.LL_ADC_IsCalibrationOnGoing
                0x080032fa       0x28 cmake/stm32cubemx/CMakeFiles/STM32_Drivers.dir/C_/Users/david/STM32Cube/Repository/STM32Cube_FW_G4_V1.6.3/Drivers/STM32G4xx_HAL_Driver/Src/stm32g4xx_hal_adc_ex.c.obj
 .text.LL_ADC_REG_IsConversionOngoing
                0x08003322       0x26 cmake/stm32cubemx/CMakeFiles/STM32_Drivers.dir/C_/Users/david/STM32Cube/Repository/STM32Cube_FW_G4_V1.6.3/Drivers/STM32G4xx_HAL_Driver/Src/stm32g4xx_hal_adc_ex.c.obj
 .text.HAL_ADCEx_Calibration_Start
                0x08003348      0x12c cmake/stm32cubemx/CMakeFiles/STM32_Drivers.dir/C_/Users/david/STM32Cube/Repository/STM32Cube_FW_G4_V1.6.3/Drivers/STM32G4xx_HAL_Driver/Src/stm32g4xx_hal_adc_ex.c.obj
                0x08003348                HAL_ADCEx_Calibration_Start
 .text.HAL_ADCEx_InjectedConvCpltCallback
                0x08003474       0x14 cmake/stm32cubemx/CMakeFiles/STM32_Drivers.dir/C_/Users/david/STM32Cube/Repository/STM32Cube_FW_G4_V1.6.3/Drivers/STM32G4xx_HAL_Driver/Src/stm32g4xx_hal_adc_ex.c.obj
                0x08003474                HAL_ADCEx_InjectedConvCpltCallback
 .text.HAL_ADCEx_InjectedQueueOverflowCallback
                0x08003488       0x14 cmake/stm32cubemx/CMakeFiles/STM32_Drivers.dir/C_/Users/david/STM32Cube/Repository/STM32Cube_FW_G4_V1.6.3/Drivers/STM32G4xx_HAL_Driver/Src/stm32g4xx_hal_adc_ex.c.obj
                0x08003488                HAL_ADCEx_InjectedQueueOverflowCallback
 .text.HAL_ADCEx_LevelOutOfWindow2Callback
                0x0800349c       0x14 cmake/stm32cubemx/CMakeFiles/STM32_Drivers.dir/C_/Users/david/STM32Cube/Repository/STM32Cube_FW_G4_V1.6.3/Drivers/STM32G4xx_HAL_Driver/Src/stm32g4xx_hal_adc_ex.c.obj
                0x0800349c                HAL_ADCEx_LevelOutOfWindow2Callback
 .text.HAL_ADCEx_LevelOutOfWindow3Callback
                0x080034b0       0x14 cmake/stm32cubemx/CMakeFiles/STM32_Drivers.dir/C_/Users/david/STM32Cube/Repository/STM32Cube_FW_G4_V1.6.3/Drivers/STM32G4xx_HAL_Driver/Src/stm32g4xx_hal_adc_ex.c.obj
                0x080034b0                HAL_ADCEx_LevelOutOfWindow3Callback
 .text.HAL_ADCEx_EndOfSamplingCallback
                0x080034c4       0x14 cmake/stm32cubemx/CMakeFiles/STM32_Drivers.dir/C_/Users/david/STM32Cube/Repository/STM32Cube_FW_G4_V1.6.3/Drivers/STM32G4xx_HAL_Driver/Src/stm32g4xx_hal_adc_ex.c.obj
                0x080034c4                HAL_ADCEx_EndOfSamplingCallback
 .text.HAL_ADCEx_MultiModeConfigChannel
                0x080034d8      0x33c cmake/stm32cubemx/CMakeFiles/STM32_Drivers.dir/C_/Users/david/STM32Cube/Repository/STM32Cube_FW_G4_V1.6.3/Drivers/STM32G4xx_HAL_Driver/Src/stm32g4xx_hal_adc_ex.c.obj
                0x080034d8                HAL_ADCEx_MultiModeConfigChannel
 .text.HAL_Init
                0x08003814       0x30 cmake/stm32cubemx/CMakeFiles/STM32_Drivers.dir/C_/Users/david/STM32Cube/Repository/STM32Cube_FW_G4_V1.6.3/Drivers/STM32G4xx_HAL_Driver/Src/stm32g4xx_hal.c.obj
                0x08003814                HAL_Init
 .text.HAL_InitTick
                0x08003844       0x74 cmake/stm32cubemx/CMakeFiles/STM32_Drivers.dir/C_/Users/david/STM32Cube/Repository/STM32Cube_FW_G4_V1.6.3/Drivers/STM32G4xx_HAL_Driver/Src/stm32g4xx_hal.c.obj
                0x08003844                HAL_InitTick
 .text.HAL_IncTick
                0x080038b8       0x24 cmake/stm32cubemx/CMakeFiles/STM32_Drivers.dir/C_/Users/david/STM32Cube/Repository/STM32Cube_FW_G4_V1.6.3/Drivers/STM32G4xx_HAL_Driver/Src/stm32g4xx_hal.c.obj
                0x080038b8                HAL_IncTick
 .text.HAL_GetTick
                0x080038dc       0x18 cmake/stm32cubemx/CMakeFiles/STM32_Drivers.dir/C_/Users/david/STM32Cube/Repository/STM32Cube_FW_G4_V1.6.3/Drivers/STM32G4xx_HAL_Driver/Src/stm32g4xx_hal.c.obj
                0x080038dc                HAL_GetTick
 .text.HAL_Delay
                0x080038f4       0x44 cmake/stm32cubemx/CMakeFiles/STM32_Drivers.dir/C_/Users/david/STM32Cube/Repository/STM32Cube_FW_G4_V1.6.3/Drivers/STM32G4xx_HAL_Driver/Src/stm32g4xx_hal.c.obj
                0x080038f4                HAL_Delay
 .text.HAL_RCC_OscConfig
                0x08003938      0x818 cmake/stm32cubemx/CMakeFiles/STM32_Drivers.dir/C_/Users/david/STM32Cube/Repository/STM32Cube_FW_G4_V1.6.3/Drivers/STM32G4xx_HAL_Driver/Src/stm32g4xx_hal_rcc.c.obj
                0x08003938                HAL_RCC_OscConfig
 .text.HAL_RCC_ClockConfig
                0x08004150      0x3fc cmake/stm32cubemx/CMakeFiles/STM32_Drivers.dir/C_/Users/david/STM32Cube/Repository/STM32Cube_FW_G4_V1.6.3/Drivers/STM32G4xx_HAL_Driver/Src/stm32g4xx_hal_rcc.c.obj
                0x08004150                HAL_RCC_ClockConfig
 .text.HAL_RCC_GetSysClockFreq
                0x0800454c       0xc4 cmake/stm32cubemx/CMakeFiles/STM32_Drivers.dir/C_/Users/david/STM32Cube/Repository/STM32Cube_FW_G4_V1.6.3/Drivers/STM32G4xx_HAL_Driver/Src/stm32g4xx_hal_rcc.c.obj
                0x0800454c                HAL_RCC_GetSysClockFreq
 .text.HAL_RCC_GetHCLKFreq
                0x08004610       0x18 cmake/stm32cubemx/CMakeFiles/STM32_Drivers.dir/C_/Users/david/STM32Cube/Repository/STM32Cube_FW_G4_V1.6.3/Drivers/STM32G4xx_HAL_Driver/Src/stm32g4xx_hal_rcc.c.obj
                0x08004610                HAL_RCC_GetHCLKFreq
 .text.HAL_RCC_GetPCLK1Freq
                0x08004628       0x2c cmake/stm32cubemx/CMakeFiles/STM32_Drivers.dir/C_/Users/david/STM32Cube/Repository/STM32Cube_FW_G4_V1.6.3/Drivers/STM32G4xx_HAL_Driver/Src/stm32g4xx_hal_rcc.c.obj
                0x08004628                HAL_RCC_GetPCLK1Freq
 .text.HAL_RCC_GetPCLK2Freq
                0x08004654       0x2c cmake/stm32cubemx/CMakeFiles/STM32_Drivers.dir/C_/Users/david/STM32Cube/Repository/STM32Cube_FW_G4_V1.6.3/Drivers/STM32G4xx_HAL_Driver/Src/stm32g4xx_hal_rcc.c.obj
                0x08004654                HAL_RCC_GetPCLK2Freq
 .text.RCC_GetSysClockFreqFromPLLSource
                0x08004680       0x8c cmake/stm32cubemx/CMakeFiles/STM32_Drivers.dir/C_/Users/david/STM32Cube/Repository/STM32Cube_FW_G4_V1.6.3/Drivers/STM32G4xx_HAL_Driver/Src/stm32g4xx_hal_rcc.c.obj
 .text.HAL_RCCEx_PeriphCLKConfig
                0x0800470c      0x8d0 cmake/stm32cubemx/CMakeFiles/STM32_Drivers.dir/C_/Users/david/STM32Cube/Repository/STM32Cube_FW_G4_V1.6.3/Drivers/STM32G4xx_HAL_Driver/Src/stm32g4xx_hal_rcc_ex.c.obj
                0x0800470c                HAL_RCCEx_PeriphCLKConfig
 .text.HAL_GPIO_Init
                0x08004fdc      0x4bc cmake/stm32cubemx/CMakeFiles/STM32_Drivers.dir/C_/Users/david/STM32Cube/Repository/STM32Cube_FW_G4_V1.6.3/Drivers/STM32G4xx_HAL_Driver/Src/stm32g4xx_hal_gpio.c.obj
                0x08004fdc                HAL_GPIO_Init
 .text.HAL_GPIO_ReadPin
                0x08005498       0x40 cmake/stm32cubemx/CMakeFiles/STM32_Drivers.dir/C_/Users/david/STM32Cube/Repository/STM32Cube_FW_G4_V1.6.3/Drivers/STM32G4xx_HAL_Driver/Src/stm32g4xx_hal_gpio.c.obj
                0x08005498                HAL_GPIO_ReadPin
 .text.HAL_GPIO_WritePin
                0x080054d8       0x58 cmake/stm32cubemx/CMakeFiles/STM32_Drivers.dir/C_/Users/david/STM32Cube/Repository/STM32Cube_FW_G4_V1.6.3/Drivers/STM32G4xx_HAL_Driver/Src/stm32g4xx_hal_gpio.c.obj
                0x080054d8                HAL_GPIO_WritePin
 .text.HAL_GPIO_TogglePin
                0x08005530       0x44 cmake/stm32cubemx/CMakeFiles/STM32_Drivers.dir/C_/Users/david/STM32Cube/Repository/STM32Cube_FW_G4_V1.6.3/Drivers/STM32G4xx_HAL_Driver/Src/stm32g4xx_hal_gpio.c.obj
                0x08005530                HAL_GPIO_TogglePin
 .text.HAL_PWREx_ControlVoltageScaling
                0x08005574      0x168 cmake/stm32cubemx/CMakeFiles/STM32_Drivers.dir/C_/Users/david/STM32Cube/Repository/STM32Cube_FW_G4_V1.6.3/Drivers/STM32G4xx_HAL_Driver/Src/stm32g4xx_hal_pwr_ex.c.obj
                0x08005574                HAL_PWREx_ControlVoltageScaling
 .text.HAL_PWREx_DisableUCPDDeadBattery
                0x080056dc       0x20 cmake/stm32cubemx/CMakeFiles/STM32_Drivers.dir/C_/Users/david/STM32Cube/Repository/STM32Cube_FW_G4_V1.6.3/Drivers/STM32G4xx_HAL_Driver/Src/stm32g4xx_hal_pwr_ex.c.obj
                0x080056dc                HAL_PWREx_DisableUCPDDeadBattery
 .text.__NVIC_SetPriorityGrouping
                0x080056fc       0x48 cmake/stm32cubemx/CMakeFiles/STM32_Drivers.dir/C_/Users/david/STM32Cube/Repository/STM32Cube_FW_G4_V1.6.3/Drivers/STM32G4xx_HAL_Driver/Src/stm32g4xx_hal_cortex.c.obj
 .text.__NVIC_GetPriorityGrouping
                0x08005744       0x1c cmake/stm32cubemx/CMakeFiles/STM32_Drivers.dir/C_/Users/david/STM32Cube/Repository/STM32Cube_FW_G4_V1.6.3/Drivers/STM32G4xx_HAL_Driver/Src/stm32g4xx_hal_cortex.c.obj
 .text.__NVIC_EnableIRQ
                0x08005760       0x3c cmake/stm32cubemx/CMakeFiles/STM32_Drivers.dir/C_/Users/david/STM32Cube/Repository/STM32Cube_FW_G4_V1.6.3/Drivers/STM32G4xx_HAL_Driver/Src/stm32g4xx_hal_cortex.c.obj
 .text.__NVIC_SetPriority
                0x0800579c       0x54 cmake/stm32cubemx/CMakeFiles/STM32_Drivers.dir/C_/Users/david/STM32Cube/Repository/STM32Cube_FW_G4_V1.6.3/Drivers/STM32G4xx_HAL_Driver/Src/stm32g4xx_hal_cortex.c.obj
 .text.NVIC_EncodePriority
                0x080057f0       0x66 cmake/stm32cubemx/CMakeFiles/STM32_Drivers.dir/C_/Users/david/STM32Cube/Repository/STM32Cube_FW_G4_V1.6.3/Drivers/STM32G4xx_HAL_Driver/Src/stm32g4xx_hal_cortex.c.obj
 *fill*         0x08005856        0x2 
 .text.SysTick_Config
                0x08005858       0x44 cmake/stm32cubemx/CMakeFiles/STM32_Drivers.dir/C_/Users/david/STM32Cube/Repository/STM32Cube_FW_G4_V1.6.3/Drivers/STM32G4xx_HAL_Driver/Src/stm32g4xx_hal_cortex.c.obj
 .text.HAL_NVIC_SetPriorityGrouping
                0x0800589c       0x40 cmake/stm32cubemx/CMakeFiles/STM32_Drivers.dir/C_/Users/david/STM32Cube/Repository/STM32Cube_FW_G4_V1.6.3/Drivers/STM32G4xx_HAL_Driver/Src/stm32g4xx_hal_cortex.c.obj
                0x0800589c                HAL_NVIC_SetPriorityGrouping
 .text.HAL_NVIC_SetPriority
                0x080058dc       0x54 cmake/stm32cubemx/CMakeFiles/STM32_Drivers.dir/C_/Users/david/STM32Cube/Repository/STM32Cube_FW_G4_V1.6.3/Drivers/STM32G4xx_HAL_Driver/Src/stm32g4xx_hal_cortex.c.obj
                0x080058dc                HAL_NVIC_SetPriority
 .text.HAL_NVIC_EnableIRQ
                0x08005930       0x30 cmake/stm32cubemx/CMakeFiles/STM32_Drivers.dir/C_/Users/david/STM32Cube/Repository/STM32Cube_FW_G4_V1.6.3/Drivers/STM32G4xx_HAL_Driver/Src/stm32g4xx_hal_cortex.c.obj
                0x08005930                HAL_NVIC_EnableIRQ
 .text.HAL_SYSTICK_Config
                0x08005960       0x18 cmake/stm32cubemx/CMakeFiles/STM32_Drivers.dir/C_/Users/david/STM32Cube/Repository/STM32Cube_FW_G4_V1.6.3/Drivers/STM32G4xx_HAL_Driver/Src/stm32g4xx_hal_cortex.c.obj
                0x08005960                HAL_SYSTICK_Config
 .text.HAL_FDCAN_Init
                0x08005978      0x548 cmake/stm32cubemx/CMakeFiles/STM32_Drivers.dir/C_/Users/david/STM32Cube/Repository/STM32Cube_FW_G4_V1.6.3/Drivers/STM32G4xx_HAL_Driver/Src/stm32g4xx_hal_fdcan.c.obj
                0x08005978                HAL_FDCAN_Init
 .text.HAL_FDCAN_Start
                0x08005ec0       0x50 cmake/stm32cubemx/CMakeFiles/STM32_Drivers.dir/C_/Users/david/STM32Cube/Repository/STM32Cube_FW_G4_V1.6.3/Drivers/STM32G4xx_HAL_Driver/Src/stm32g4xx_hal_fdcan.c.obj
                0x08005ec0                HAL_FDCAN_Start
 .text.HAL_FDCAN_AddMessageToTxFifoQ
                0x08005f10      0x204 cmake/stm32cubemx/CMakeFiles/STM32_Drivers.dir/C_/Users/david/STM32Cube/Repository/STM32Cube_FW_G4_V1.6.3/Drivers/STM32G4xx_HAL_Driver/Src/stm32g4xx_hal_fdcan.c.obj
                0x08005f10                HAL_FDCAN_AddMessageToTxFifoQ
 .text.HAL_FDCAN_GetRxMessage
                0x08006114      0x228 cmake/stm32cubemx/CMakeFiles/STM32_Drivers.dir/C_/Users/david/STM32Cube/Repository/STM32Cube_FW_G4_V1.6.3/Drivers/STM32G4xx_HAL_Driver/Src/stm32g4xx_hal_fdcan.c.obj
                0x08006114                HAL_FDCAN_GetRxMessage
 .text.HAL_FDCAN_GetRxFifoFillLevel
                0x0800633c       0x54 cmake/stm32cubemx/CMakeFiles/STM32_Drivers.dir/C_/Users/david/STM32Cube/Repository/STM32Cube_FW_G4_V1.6.3/Drivers/STM32G4xx_HAL_Driver/Src/stm32g4xx_hal_fdcan.c.obj
                0x0800633c                HAL_FDCAN_GetRxFifoFillLevel
 .text.HAL_FDCAN_GetTxFifoFreeLevel
                0x08006390       0x24 cmake/stm32cubemx/CMakeFiles/STM32_Drivers.dir/C_/Users/david/STM32Cube/Repository/STM32Cube_FW_G4_V1.6.3/Drivers/STM32G4xx_HAL_Driver/Src/stm32g4xx_hal_fdcan.c.obj
                0x08006390                HAL_FDCAN_GetTxFifoFreeLevel
 .text.HAL_FDCAN_ActivateNotification
                0x080063b4      0x200 cmake/stm32cubemx/CMakeFiles/STM32_Drivers.dir/C_/Users/david/STM32Cube/Repository/STM32Cube_FW_G4_V1.6.3/Drivers/STM32G4xx_HAL_Driver/Src/stm32g4xx_hal_fdcan.c.obj
                0x080063b4                HAL_FDCAN_ActivateNotification
 .text.HAL_FDCAN_IRQHandler
                0x080065b4      0x266 cmake/stm32cubemx/CMakeFiles/STM32_Drivers.dir/C_/Users/david/STM32Cube/Repository/STM32Cube_FW_G4_V1.6.3/Drivers/STM32G4xx_HAL_Driver/Src/stm32g4xx_hal_fdcan.c.obj
                0x080065b4                HAL_FDCAN_IRQHandler
 .text.HAL_FDCAN_TxEventFifoCallback
                0x0800681a       0x16 cmake/stm32cubemx/CMakeFiles/STM32_Drivers.dir/C_/Users/david/STM32Cube/Repository/STM32Cube_FW_G4_V1.6.3/Drivers/STM32G4xx_HAL_Driver/Src/stm32g4xx_hal_fdcan.c.obj
                0x0800681a                HAL_FDCAN_TxEventFifoCallback
 .text.HAL_FDCAN_RxFifo1Callback
                0x08006830       0x16 cmake/stm32cubemx/CMakeFiles/STM32_Drivers.dir/C_/Users/david/STM32Cube/Repository/STM32Cube_FW_G4_V1.6.3/Drivers/STM32G4xx_HAL_Driver/Src/stm32g4xx_hal_fdcan.c.obj
                0x08006830                HAL_FDCAN_RxFifo1Callback
 .text.HAL_FDCAN_TxFifoEmptyCallback
                0x08006846       0x14 cmake/stm32cubemx/CMakeFiles/STM32_Drivers.dir/C_/Users/david/STM32Cube/Repository/STM32Cube_FW_G4_V1.6.3/Drivers/STM32G4xx_HAL_Driver/Src/stm32g4xx_hal_fdcan.c.obj
                0x08006846                HAL_FDCAN_TxFifoEmptyCallback
 .text.HAL_FDCAN_TxBufferCompleteCallback
                0x0800685a       0x16 cmake/stm32cubemx/CMakeFiles/STM32_Drivers.dir/C_/Users/david/STM32Cube/Repository/STM32Cube_FW_G4_V1.6.3/Drivers/STM32G4xx_HAL_Driver/Src/stm32g4xx_hal_fdcan.c.obj
                0x0800685a                HAL_FDCAN_TxBufferCompleteCallback
 .text.HAL_FDCAN_TxBufferAbortCallback
                0x08006870       0x16 cmake/stm32cubemx/CMakeFiles/STM32_Drivers.dir/C_/Users/david/STM32Cube/Repository/STM32Cube_FW_G4_V1.6.3/Drivers/STM32G4xx_HAL_Driver/Src/stm32g4xx_hal_fdcan.c.obj
                0x08006870                HAL_FDCAN_TxBufferAbortCallback
 .text.HAL_FDCAN_TimestampWraparoundCallback
                0x08006886       0x14 cmake/stm32cubemx/CMakeFiles/STM32_Drivers.dir/C_/Users/david/STM32Cube/Repository/STM32Cube_FW_G4_V1.6.3/Drivers/STM32G4xx_HAL_Driver/Src/stm32g4xx_hal_fdcan.c.obj
                0x08006886                HAL_FDCAN_TimestampWraparoundCallback
 .text.HAL_FDCAN_TimeoutOccurredCallback
                0x0800689a       0x14 cmake/stm32cubemx/CMakeFiles/STM32_Drivers.dir/C_/Users/david/STM32Cube/Repository/STM32Cube_FW_G4_V1.6.3/Drivers/STM32G4xx_HAL_Driver/Src/stm32g4xx_hal_fdcan.c.obj
                0x0800689a                HAL_FDCAN_TimeoutOccurredCallback
 .text.HAL_FDCAN_HighPriorityMessageCallback
                0x080068ae       0x14 cmake/stm32cubemx/CMakeFiles/STM32_Drivers.dir/C_/Users/david/STM32Cube/Repository/STM32Cube_FW_G4_V1.6.3/Drivers/STM32G4xx_HAL_Driver/Src/stm32g4xx_hal_fdcan.c.obj
                0x080068ae                HAL_FDCAN_HighPriorityMessageCallback
 .text.HAL_FDCAN_ErrorCallback
                0x080068c2       0x14 cmake/stm32cubemx/CMakeFiles/STM32_Drivers.dir/C_/Users/david/STM32Cube/Repository/STM32Cube_FW_G4_V1.6.3/Drivers/STM32G4xx_HAL_Driver/Src/stm32g4xx_hal_fdcan.c.obj
                0x080068c2                HAL_FDCAN_ErrorCallback
 .text.HAL_FDCAN_ErrorStatusCallback
                0x080068d6       0x16 cmake/stm32cubemx/CMakeFiles/STM32_Drivers.dir/C_/Users/david/STM32Cube/Repository/STM32Cube_FW_G4_V1.6.3/Drivers/STM32G4xx_HAL_Driver/Src/stm32g4xx_hal_fdcan.c.obj
                0x080068d6                HAL_FDCAN_ErrorStatusCallback
 .text.FDCAN_CalcultateRamBlockAddresses
                0x080068ec       0xd8 cmake/stm32cubemx/CMakeFiles/STM32_Drivers.dir/C_/Users/david/STM32Cube/Repository/STM32Cube_FW_G4_V1.6.3/Drivers/STM32G4xx_HAL_Driver/Src/stm32g4xx_hal_fdcan.c.obj
 .text.FDCAN_CopyMessageToRAM
                0x080069c4       0xf8 cmake/stm32cubemx/CMakeFiles/STM32_Drivers.dir/C_/Users/david/STM32Cube/Repository/STM32Cube_FW_G4_V1.6.3/Drivers/STM32G4xx_HAL_Driver/Src/stm32g4xx_hal_fdcan.c.obj
 .text.HAL_UART_Init
                0x08006abc      0x154 cmake/stm32cubemx/CMakeFiles/STM32_Drivers.dir/C_/Users/david/STM32Cube/Repository/STM32Cube_FW_G4_V1.6.3/Drivers/STM32G4xx_HAL_Driver/Src/stm32g4xx_hal_uart.c.obj
                0x08006abc                HAL_UART_Init
 .text.HAL_UART_MspInit
                0x08006c10       0x14 cmake/stm32cubemx/CMakeFiles/STM32_Drivers.dir/C_/Users/david/STM32Cube/Repository/STM32Cube_FW_G4_V1.6.3/Drivers/STM32G4xx_HAL_Driver/Src/stm32g4xx_hal_uart.c.obj
                0x08006c10                HAL_UART_MspInit
 .text.HAL_UART_Transmit
                0x08006c24      0x132 cmake/stm32cubemx/CMakeFiles/STM32_Drivers.dir/C_/Users/david/STM32Cube/Repository/STM32Cube_FW_G4_V1.6.3/Drivers/STM32G4xx_HAL_Driver/Src/stm32g4xx_hal_uart.c.obj
                0x08006c24                HAL_UART_Transmit
 *fill*         0x08006d56        0x2 
 .text.UART_SetConfig
                0x08006d58      0x7c0 cmake/stm32cubemx/CMakeFiles/STM32_Drivers.dir/C_/Users/david/STM32Cube/Repository/STM32Cube_FW_G4_V1.6.3/Drivers/STM32G4xx_HAL_Driver/Src/stm32g4xx_hal_uart.c.obj
                0x08006d58                UART_SetConfig
 .text.UART_AdvFeatureConfig
                0x08007518      0x2c0 cmake/stm32cubemx/CMakeFiles/STM32_Drivers.dir/C_/Users/david/STM32Cube/Repository/STM32Cube_FW_G4_V1.6.3/Drivers/STM32G4xx_HAL_Driver/Src/stm32g4xx_hal_uart.c.obj
                0x08007518                UART_AdvFeatureConfig
 .text.UART_CheckIdleState
                0x080077d8      0x154 cmake/stm32cubemx/CMakeFiles/STM32_Drivers.dir/C_/Users/david/STM32Cube/Repository/STM32Cube_FW_G4_V1.6.3/Drivers/STM32G4xx_HAL_Driver/Src/stm32g4xx_hal_uart.c.obj
                0x080077d8                UART_CheckIdleState
 .text.UART_WaitOnFlagUntilTimeout
                0x0800792c       0xda cmake/stm32cubemx/CMakeFiles/STM32_Drivers.dir/C_/Users/david/STM32Cube/Repository/STM32Cube_FW_G4_V1.6.3/Drivers/STM32G4xx_HAL_Driver/Src/stm32g4xx_hal_uart.c.obj
                0x0800792c                UART_WaitOnFlagUntilTimeout
 .text.UART_EndRxTransfer
                0x08007a06       0xcc cmake/stm32cubemx/CMakeFiles/STM32_Drivers.dir/C_/Users/david/STM32Cube/Repository/STM32Cube_FW_G4_V1.6.3/Drivers/STM32G4xx_HAL_Driver/Src/stm32g4xx_hal_uart.c.obj
 *fill*         0x08007ad2        0x2 
 .text.BSP_COM_Init
                0x08007ad4       0x60 cmake/stm32cubemx/CMakeFiles/STM32_Drivers.dir/C_/Users/david/STM32Cube/Repository/STM32Cube_FW_G4_V1.6.3/Drivers/BSP/STM32G4xx_Nucleo/stm32g4xx_nucleo.c.obj
                0x08007ad4                BSP_COM_Init
 .text.MX_LPUART1_Init
                0x08007b34       0x64 cmake/stm32cubemx/CMakeFiles/STM32_Drivers.dir/C_/Users/david/STM32Cube/Repository/STM32Cube_FW_G4_V1.6.3/Drivers/BSP/STM32G4xx_Nucleo/stm32g4xx_nucleo.c.obj
                0x08007b34                MX_LPUART1_Init
 .text.COM1_MspInit
                0x08007b98       0x98 cmake/stm32cubemx/CMakeFiles/STM32_Drivers.dir/C_/Users/david/STM32Cube/Repository/STM32Cube_FW_G4_V1.6.3/Drivers/BSP/STM32G4xx_Nucleo/stm32g4xx_nucleo.c.obj
 .text.map      0x08007c30       0x44 CMakeFiles/VCU.dir/Core/Src/main.c.obj
                0x08007c30                map
 .text._write   0x08007c74       0x48 CMakeFiles/VCU.dir/Core/Src/main.c.obj
                0x08007c74                _write
 .text.main     0x08007cbc      0x390 CMakeFiles/VCU.dir/Core/Src/main.c.obj
                0x08007cbc                main
 .text.SystemClock_Config
                0x0800804c       0x96 CMakeFiles/VCU.dir/Core/Src/main.c.obj
                0x0800804c                SystemClock_Config
 .text.Read_BE_U16
                0x080080e2       0x2c CMakeFiles/VCU.dir/Core/Src/main.c.obj
 .text.Read_BE_U32
                0x0800810e       0x36 CMakeFiles/VCU.dir/Core/Src/main.c.obj
 .text.HAL_FDCAN_RxFifo0Callback
                0x08008144       0x74 CMakeFiles/VCU.dir/Core/Src/main.c.obj
                0x08008144                HAL_FDCAN_RxFifo0Callback
 .text.Process_Received_CAN_Message
                0x080081b8      0x268 CMakeFiles/VCU.dir/Core/Src/main.c.obj
 .text.Send_R2D_Activation
                0x08008420       0x98 CMakeFiles/VCU.dir/Core/Src/main.c.obj
                0x08008420                Send_R2D_Activation
 .text.Read_Brake_Channel
                0x080084b8      0x160 CMakeFiles/VCU.dir/Core/Src/main.c.obj
 .text.R2D_Inputs_Are_Active
                0x08008618       0x60 CMakeFiles/VCU.dir/Core/Src/main.c.obj
                0x08008618                R2D_Inputs_Are_Active
 .text.Wait_And_Send_R2D_Activation
                0x08008678      0x4d8 CMakeFiles/VCU.dir/Core/Src/main.c.obj
                0x08008678                Wait_And_Send_R2D_Activation
 .text.Sound_R2D_Buzzer
                0x08008b50       0x28 CMakeFiles/VCU.dir/Core/Src/main.c.obj
                0x08008b50                Sound_R2D_Buzzer
 .text.Send_CAN_Message
                0x08008b78       0xd4 CMakeFiles/VCU.dir/Core/Src/main.c.obj
                0x08008b78                Send_CAN_Message
 .text.Error_Handler
                0x08008c4c       0x24 CMakeFiles/VCU.dir/Core/Src/main.c.obj
                0x08008c4c                Error_Handler
 .text.assert_failed
                0x08008c70       0x16 CMakeFiles/VCU.dir/Core/Src/main.c.obj
                0x08008c70                assert_failed
 *fill*         0x08008c86        0x2 
 .text.MX_GPIO_Init
                0x08008c88       0xc8 CMakeFiles/VCU.dir/Core/Src/gpio.c.obj
                0x08008c88                MX_GPIO_Init
 .text.MX_ADC1_Init
                0x08008d50      0x108 CMakeFiles/VCU.dir/Core/Src/adc.c.obj
                0x08008d50                MX_ADC1_Init
 .text.MX_ADC2_Init
                0x08008e58       0xcc CMakeFiles/VCU.dir/Core/Src/adc.c.obj
                0x08008e58                MX_ADC2_Init
 .text.HAL_ADC_MspInit
                0x08008f24      0x1e4 CMakeFiles/VCU.dir/Core/Src/adc.c.obj
                0x08008f24                HAL_ADC_MspInit
 .text.MX_FDCAN1_Init
                0x08009108       0x8c CMakeFiles/VCU.dir/Core/Src/fdcan.c.obj
                0x08009108                MX_FDCAN1_Init
 .text.HAL_FDCAN_MspInit
                0x08009194       0xd4 CMakeFiles/VCU.dir/Core/Src/fdcan.c.obj
                0x08009194                HAL_FDCAN_MspInit
 .text.NMI_Handler
                0x08009268        0x8 CMakeFiles/VCU.dir/Core/Src/stm32g4xx_it.c.obj
                0x08009268                NMI_Handler
 .text.HardFault_Handler
                0x08009270        0x8 CMakeFiles/VCU.dir/Core/Src/stm32g4xx_it.c.obj
                0x08009270                HardFault_Handler
 .text.MemManage_Handler
                0x08009278        0x8 CMakeFiles/VCU.dir/Core/Src/stm32g4xx_it.c.obj
                0x08009278                MemManage_Handler
 .text.BusFault_Handler
                0x08009280        0x8 CMakeFiles/VCU.dir/Core/Src/stm32g4xx_it.c.obj
                0x08009280                BusFault_Handler
 .text.UsageFault_Handler
                0x08009288        0x8 CMakeFiles/VCU.dir/Core/Src/stm32g4xx_it.c.obj
                0x08009288                UsageFault_Handler
 .text.SVC_Handler
                0x08009290        0xe CMakeFiles/VCU.dir/Core/Src/stm32g4xx_it.c.obj
                0x08009290                SVC_Handler
 .text.DebugMon_Handler
                0x0800929e        0xe CMakeFiles/VCU.dir/Core/Src/stm32g4xx_it.c.obj
                0x0800929e                DebugMon_Handler
 .text.PendSV_Handler
                0x080092ac        0xe CMakeFiles/VCU.dir/Core/Src/stm32g4xx_it.c.obj
                0x080092ac                PendSV_Handler
 .text.SysTick_Handler
                0x080092ba        0xc CMakeFiles/VCU.dir/Core/Src/stm32g4xx_it.c.obj
                0x080092ba                SysTick_Handler
 *fill*         0x080092c6        0x2 
 .text.ADC1_2_IRQHandler
                0x080092c8       0x1c CMakeFiles/VCU.dir/Core/Src/stm32g4xx_it.c.obj
                0x080092c8                ADC1_2_IRQHandler
 .text.FDCAN1_IT0_IRQHandler
                0x080092e4       0x14 CMakeFiles/VCU.dir/Core/Src/stm32g4xx_it.c.obj
                0x080092e4                FDCAN1_IT0_IRQHandler
 .text.FDCAN1_IT1_IRQHandler
                0x080092f8       0x14 CMakeFiles/VCU.dir/Core/Src/stm32g4xx_it.c.obj
                0x080092f8                FDCAN1_IT1_IRQHandler
 .text.HAL_MspInit
                0x0800930c       0x48 CMakeFiles/VCU.dir/Core/Src/stm32g4xx_hal_msp.c.obj
                0x0800930c                HAL_MspInit
 .text._sbrk    0x08009354       0x6c CMakeFiles/VCU.dir/Core/Src/sysmem.c.obj
                0x08009354                _sbrk
 .text._read    0x080093c0       0x3a CMakeFiles/VCU.dir/Core/Src/syscalls.c.obj
                0x080093c0                _read
 .text._close   0x080093fa       0x18 CMakeFiles/VCU.dir/Core/Src/syscalls.c.obj
                0x080093fa                _close
 .text._fstat   0x08009412       0x20 CMakeFiles/VCU.dir/Core/Src/syscalls.c.obj
                0x08009412                _fstat
 .text._isatty  0x08009432       0x16 CMakeFiles/VCU.dir/Core/Src/syscalls.c.obj
                0x08009432                _isatty
 .text._lseek   0x08009448       0x1a CMakeFiles/VCU.dir/Core/Src/syscalls.c.obj
                0x08009448                _lseek
 *fill*         0x08009462        0x2 
 .text.Reset_Handler
                0x08009464       0x50 CMakeFiles/VCU.dir/startup_stm32g474xx.s.obj
                0x08009464                Reset_Handler
 .text.Default_Handler
                0x080094b4        0x2 CMakeFiles/VCU.dir/startup_stm32g474xx.s.obj
                0x080094b4                RTC_Alarm_IRQHandler
                0x080094b4                EXTI2_IRQHandler
                0x080094b4                TIM8_TRG_COM_IRQHandler
                0x080094b4                TIM8_CC_IRQHandler
                0x080094b4                HRTIM1_Master_IRQHandler
                0x080094b4                SPI4_IRQHandler
                0x080094b4                FDCAN3_IT0_IRQHandler
                0x080094b4                TIM1_CC_IRQHandler
                0x080094b4                HRTIM1_FLT_IRQHandler
                0x080094b4                HRTIM1_TIMF_IRQHandler
                0x080094b4                USB_HP_IRQHandler
                0x080094b4                CORDIC_IRQHandler
                0x080094b4                HRTIM1_TIMD_IRQHandler
                0x080094b4                DMA2_Channel8_IRQHandler
                0x080094b4                EXTI3_IRQHandler
                0x080094b4                I2C3_ER_IRQHandler
                0x080094b4                EXTI0_IRQHandler
                0x080094b4                I2C2_EV_IRQHandler
                0x080094b4                FPU_IRQHandler
                0x080094b4                TIM1_UP_TIM16_IRQHandler
                0x080094b4                HRTIM1_TIME_IRQHandler
                0x080094b4                SPI1_IRQHandler
                0x080094b4                TIM6_DAC_IRQHandler
                0x080094b4                HRTIM1_TIMC_IRQHandler
                0x080094b4                TIM8_UP_IRQHandler
                0x080094b4                DMA2_Channel2_IRQHandler
                0x080094b4                DMA1_Channel4_IRQHandler
                0x080094b4                TIM20_TRG_COM_IRQHandler
                0x080094b4                USART3_IRQHandler
                0x080094b4                DMA1_Channel7_IRQHandler
                0x080094b4                UART5_IRQHandler
                0x080094b4                ADC3_IRQHandler
                0x080094b4                TIM4_IRQHandler
                0x080094b4                DMA2_Channel1_IRQHandler
                0x080094b4                QUADSPI_IRQHandler
                0x080094b4                I2C1_EV_IRQHandler
                0x080094b4                DMA1_Channel6_IRQHandler
                0x080094b4                UART4_IRQHandler
                0x080094b4                DMA2_Channel4_IRQHandler
                0x080094b4                TIM3_IRQHandler
                0x080094b4                RCC_IRQHandler
                0x080094b4                TIM20_UP_IRQHandler
                0x080094b4                DMA1_Channel1_IRQHandler
                0x080094b4                Default_Handler
                0x080094b4                DMA2_Channel7_IRQHandler
                0x080094b4                RTC_TAMP_LSECSS_IRQHandler
                0x080094b4                FMAC_IRQHandler
                0x080094b4                EXTI15_10_IRQHandler
                0x080094b4                DMA1_Channel8_IRQHandler
                0x080094b4                HRTIM1_TIMA_IRQHandler
                0x080094b4                TIM7_DAC_IRQHandler
                0x080094b4                FDCAN3_IT1_IRQHandler
                0x080094b4                TIM5_IRQHandler
                0x080094b4                UCPD1_IRQHandler
                0x080094b4                I2C3_EV_IRQHandler
                0x080094b4                EXTI9_5_IRQHandler
                0x080094b4                RTC_WKUP_IRQHandler
                0x080094b4                PVD_PVM_IRQHandler
                0x080094b4                SPI2_IRQHandler
                0x080094b4                ADC5_IRQHandler
                0x080094b4                DMA2_Channel5_IRQHandler
                0x080094b4                CRS_IRQHandler
                0x080094b4                DMA1_Channel5_IRQHandler
                0x080094b4                USB_LP_IRQHandler
                0x080094b4                EXTI4_IRQHandler
                0x080094b4                RNG_IRQHandler
                0x080094b4                HRTIM1_TIMB_IRQHandler
                0x080094b4                TIM1_TRG_COM_TIM17_IRQHandler
                0x080094b4                FDCAN2_IT1_IRQHandler
                0x080094b4                DMA1_Channel3_IRQHandler
                0x080094b4                ADC4_IRQHandler
                0x080094b4                WWDG_IRQHandler
                0x080094b4                I2C4_EV_IRQHandler
                0x080094b4                FDCAN2_IT0_IRQHandler
                0x080094b4                LPUART1_IRQHandler
                0x080094b4                DMA2_Channel6_IRQHandler
                0x080094b4                TIM2_IRQHandler
                0x080094b4                COMP7_IRQHandler
                0x080094b4                COMP1_2_3_IRQHandler
                0x080094b4                EXTI1_IRQHandler
                0x080094b4                USART2_IRQHandler
                0x080094b4                COMP4_5_6_IRQHandler
                0x080094b4                TIM20_BRK_IRQHandler
                0x080094b4                I2C2_ER_IRQHandler
                0x080094b4                DMA1_Channel2_IRQHandler
                0x080094b4                TIM8_BRK_IRQHandler
                0x080094b4                FLASH_IRQHandler
                0x080094b4                TIM20_CC_IRQHandler
                0x080094b4                USART1_IRQHandler
                0x080094b4                SPI3_IRQHandler
                0x080094b4                I2C1_ER_IRQHandler
                0x080094b4                FMC_IRQHandler
                0x080094b4                LPTIM1_IRQHandler
                0x080094b4                DMAMUX_OVR_IRQHandler
                0x080094b4                I2C4_ER_IRQHandler
                0x080094b4                USBWakeUp_IRQHandler
                0x080094b4                SAI1_IRQHandler
                0x080094b4                DMA2_Channel3_IRQHandler
                0x080094b4                TIM1_BRK_TIM15_IRQHandler
 *fill*         0x080094b6        0x2 
 .text.std      0x080094b8       0x6c C:/ST/STM32CubeCLT_1.19.0/GNU-tools-for-STM32/bin/../lib/gcc/arm-none-eabi/13.3.1/../../../../arm-none-eabi/lib/thumb/v7e-m+fp/hard\libg_nano.a(libc_a-findfp.o)
 .text.stdio_exit_handler
                0x08009524       0x18 C:/ST/STM32CubeCLT_1.19.0/GNU-tools-for-STM32/bin/../lib/gcc/arm-none-eabi/13.3.1/../../../../arm-none-eabi/lib/thumb/v7e-m+fp/hard\libg_nano.a(libc_a-findfp.o)
 .text.cleanup_stdio
                0x0800953c       0x40 C:/ST/STM32CubeCLT_1.19.0/GNU-tools-for-STM32/bin/../lib/gcc/arm-none-eabi/13.3.1/../../../../arm-none-eabi/lib/thumb/v7e-m+fp/hard\libg_nano.a(libc_a-findfp.o)
 .text.global_stdio_init.part.0
                0x0800957c       0x3c C:/ST/STM32CubeCLT_1.19.0/GNU-tools-for-STM32/bin/../lib/gcc/arm-none-eabi/13.3.1/../../../../arm-none-eabi/lib/thumb/v7e-m+fp/hard\libg_nano.a(libc_a-findfp.o)
 .text.__sfp_lock_acquire
                0x080095b8        0xc C:/ST/STM32CubeCLT_1.19.0/GNU-tools-for-STM32/bin/../lib/gcc/arm-none-eabi/13.3.1/../../../../arm-none-eabi/lib/thumb/v7e-m+fp/hard\libg_nano.a(libc_a-findfp.o)
                0x080095b8                __sfp_lock_acquire
 .text.__sfp_lock_release
                0x080095c4        0xc C:/ST/STM32CubeCLT_1.19.0/GNU-tools-for-STM32/bin/../lib/gcc/arm-none-eabi/13.3.1/../../../../arm-none-eabi/lib/thumb/v7e-m+fp/hard\libg_nano.a(libc_a-findfp.o)
                0x080095c4                __sfp_lock_release
 .text.__sinit  0x080095d0       0x30 C:/ST/STM32CubeCLT_1.19.0/GNU-tools-for-STM32/bin/../lib/gcc/arm-none-eabi/13.3.1/../../../../arm-none-eabi/lib/thumb/v7e-m+fp/hard\libg_nano.a(libc_a-findfp.o)
                0x080095d0                __sinit
 .text._fwalk_sglue
                0x08009600       0x3c C:/ST/STM32CubeCLT_1.19.0/GNU-tools-for-STM32/bin/../lib/gcc/arm-none-eabi/13.3.1/../../../../arm-none-eabi/lib/thumb/v7e-m+fp/hard\libg_nano.a(libc_a-fwalk.o)
                0x08009600                _fwalk_sglue
 .text.printf   0x0800963c       0x24 C:/ST/STM32CubeCLT_1.19.0/GNU-tools-for-STM32/bin/../lib/gcc/arm-none-eabi/13.3.1/../../../../arm-none-eabi/lib/thumb/v7e-m+fp/hard\libg_nano.a(libc_a-printf.o)
                0x0800963c                iprintf
                0x0800963c                printf
 .text._puts_r  0x08009660       0xaa C:/ST/STM32CubeCLT_1.19.0/GNU-tools-for-STM32/bin/../lib/gcc/arm-none-eabi/13.3.1/../../../../arm-none-eabi/lib/thumb/v7e-m+fp/hard\libg_nano.a(libc_a-puts.o)
                0x08009660                _puts_r
 *fill*         0x0800970a        0x2 
 .text.puts     0x0800970c       0x10 C:/ST/STM32CubeCLT_1.19.0/GNU-tools-for-STM32/bin/../lib/gcc/arm-none-eabi/13.3.1/../../../../arm-none-eabi/lib/thumb/v7e-m+fp/hard\libg_nano.a(libc_a-puts.o)
                0x0800970c                puts
 .text.setvbuf  0x0800971c      0x168 C:/ST/STM32CubeCLT_1.19.0/GNU-tools-for-STM32/bin/../lib/gcc/arm-none-eabi/13.3.1/../../../../arm-none-eabi/lib/thumb/v7e-m+fp/hard\libg_nano.a(libc_a-setvbuf.o)
                0x0800971c                setvbuf
 .text.__sread  0x08009884       0x22 C:/ST/STM32CubeCLT_1.19.0/GNU-tools-for-STM32/bin/../lib/gcc/arm-none-eabi/13.3.1/../../../../arm-none-eabi/lib/thumb/v7e-m+fp/hard\libg_nano.a(libc_a-stdio.o)
                0x08009884                __sread
 .text.__swrite
                0x080098a6       0x38 C:/ST/STM32CubeCLT_1.19.0/GNU-tools-for-STM32/bin/../lib/gcc/arm-none-eabi/13.3.1/../../../../arm-none-eabi/lib/thumb/v7e-m+fp/hard\libg_nano.a(libc_a-stdio.o)
                0x080098a6                __swrite
 .text.__sseek  0x080098de       0x24 C:/ST/STM32CubeCLT_1.19.0/GNU-tools-for-STM32/bin/../lib/gcc/arm-none-eabi/13.3.1/../../../../arm-none-eabi/lib/thumb/v7e-m+fp/hard\libg_nano.a(libc_a-stdio.o)
                0x080098de                __sseek
 .text.__sclose
                0x08009902        0x8 C:/ST/STM32CubeCLT_1.19.0/GNU-tools-for-STM32/bin/../lib/gcc/arm-none-eabi/13.3.1/../../../../arm-none-eabi/lib/thumb/v7e-m+fp/hard\libg_nano.a(libc_a-stdio.o)
                0x08009902                __sclose
 .text.__swbuf_r
                0x0800990a       0x7c C:/ST/STM32CubeCLT_1.19.0/GNU-tools-for-STM32/bin/../lib/gcc/arm-none-eabi/13.3.1/../../../../arm-none-eabi/lib/thumb/v7e-m+fp/hard\libg_nano.a(libc_a-wbuf.o)
                0x0800990a                __swbuf_r
 *fill*         0x08009986        0x2 
 .text.__swsetup_r
                0x08009988       0xac C:/ST/STM32CubeCLT_1.19.0/GNU-tools-for-STM32/bin/../lib/gcc/arm-none-eabi/13.3.1/../../../../arm-none-eabi/lib/thumb/v7e-m+fp/hard\libg_nano.a(libc_a-wsetup.o)
                0x08009988                __swsetup_r
 .text.memset   0x08009a34       0x10 C:/ST/STM32CubeCLT_1.19.0/GNU-tools-for-STM32/bin/../lib/gcc/arm-none-eabi/13.3.1/../../../../arm-none-eabi/lib/thumb/v7e-m+fp/hard\libg_nano.a(libc_a-memset.o)
                0x08009a34                memset
 .text._close_r
                0x08009a44       0x20 C:/ST/STM32CubeCLT_1.19.0/GNU-tools-for-STM32/bin/../lib/gcc/arm-none-eabi/13.3.1/../../../../arm-none-eabi/lib/thumb/v7e-m+fp/hard\libg_nano.a(libc_a-closer.o)
                0x08009a44                _close_r
 .text._lseek_r
                0x08009a64       0x24 C:/ST/STM32CubeCLT_1.19.0/GNU-tools-for-STM32/bin/../lib/gcc/arm-none-eabi/13.3.1/../../../../arm-none-eabi/lib/thumb/v7e-m+fp/hard\libg_nano.a(libc_a-lseekr.o)
                0x08009a64                _lseek_r
 .text._read_r  0x08009a88       0x24 C:/ST/STM32CubeCLT_1.19.0/GNU-tools-for-STM32/bin/../lib/gcc/arm-none-eabi/13.3.1/../../../../arm-none-eabi/lib/thumb/v7e-m+fp/hard\libg_nano.a(libc_a-readr.o)
                0x08009a88                _read_r
 .text._write_r
                0x08009aac       0x24 C:/ST/STM32CubeCLT_1.19.0/GNU-tools-for-STM32/bin/../lib/gcc/arm-none-eabi/13.3.1/../../../../arm-none-eabi/lib/thumb/v7e-m+fp/hard\libg_nano.a(libc_a-writer.o)
                0x08009aac                _write_r
 .text.__errno  0x08009ad0        0xc C:/ST/STM32CubeCLT_1.19.0/GNU-tools-for-STM32/bin/../lib/gcc/arm-none-eabi/13.3.1/../../../../arm-none-eabi/lib/thumb/v7e-m+fp/hard\libg_nano.a(libc_a-errno.o)
                0x08009ad0                __errno
 .text.__libc_init_array
                0x08009adc       0x48 C:/ST/STM32CubeCLT_1.19.0/GNU-tools-for-STM32/bin/../lib/gcc/arm-none-eabi/13.3.1/../../../../arm-none-eabi/lib/thumb/v7e-m+fp/hard\libg_nano.a(libc_a-init.o)
                0x08009adc                __libc_init_array
 .text.__retarget_lock_init_recursive
                0x08009b24        0x2 C:/ST/STM32CubeCLT_1.19.0/GNU-tools-for-STM32/bin/../lib/gcc/arm-none-eabi/13.3.1/../../../../arm-none-eabi/lib/thumb/v7e-m+fp/hard\libg_nano.a(libc_a-lock.o)
                0x08009b24                __retarget_lock_init_recursive
 .text.__retarget_lock_acquire_recursive
                0x08009b26        0x2 C:/ST/STM32CubeCLT_1.19.0/GNU-tools-for-STM32/bin/../lib/gcc/arm-none-eabi/13.3.1/../../../../arm-none-eabi/lib/thumb/v7e-m+fp/hard\libg_nano.a(libc_a-lock.o)
                0x08009b26                __retarget_lock_acquire_recursive
 .text.__retarget_lock_release_recursive
                0x08009b28        0x2 C:/ST/STM32CubeCLT_1.19.0/GNU-tools-for-STM32/bin/../lib/gcc/arm-none-eabi/13.3.1/../../../../arm-none-eabi/lib/thumb/v7e-m+fp/hard\libg_nano.a(libc_a-lock.o)
                0x08009b28                __retarget_lock_release_recursive
 *fill*         0x08009b2a        0x2 
 .text._free_r  0x08009b2c       0x94 C:/ST/STM32CubeCLT_1.19.0/GNU-tools-for-STM32/bin/../lib/gcc/arm-none-eabi/13.3.1/../../../../arm-none-eabi/lib/thumb/v7e-m+fp/hard\libg_nano.a(libc_a-freer.o)
                0x08009b2c                _free_r
 .text.malloc   0x08009bc0       0x10 C:/ST/STM32CubeCLT_1.19.0/GNU-tools-for-STM32/bin/../lib/gcc/arm-none-eabi/13.3.1/../../../../arm-none-eabi/lib/thumb/v7e-m+fp/hard\libg_nano.a(libc_a-malloc.o)
                0x08009bc0                malloc
 .text.sbrk_aligned
                0x08009bd0       0x44 C:/ST/STM32CubeCLT_1.19.0/GNU-tools-for-STM32/bin/../lib/gcc/arm-none-eabi/13.3.1/../../../../arm-none-eabi/lib/thumb/v7e-m+fp/hard\libg_nano.a(libc_a-mallocr.o)
 .text._malloc_r
                0x08009c14      0x100 C:/ST/STM32CubeCLT_1.19.0/GNU-tools-for-STM32/bin/../lib/gcc/arm-none-eabi/13.3.1/../../../../arm-none-eabi/lib/thumb/v7e-m+fp/hard\libg_nano.a(libc_a-mallocr.o)
                0x08009c14                _malloc_r
 .text.__malloc_lock
                0x08009d14        0xc C:/ST/STM32CubeCLT_1.19.0/GNU-tools-for-STM32/bin/../lib/gcc/arm-none-eabi/13.3.1/../../../../arm-none-eabi/lib/thumb/v7e-m+fp/hard\libg_nano.a(libc_a-mlock.o)
                0x08009d14                __malloc_lock
 .text.__malloc_unlock
                0x08009d20        0xc C:/ST/STM32CubeCLT_1.19.0/GNU-tools-for-STM32/bin/../lib/gcc/arm-none-eabi/13.3.1/../../../../arm-none-eabi/lib/thumb/v7e-m+fp/hard\libg_nano.a(libc_a-mlock.o)
                0x08009d20                __malloc_unlock
 .text.__sfputc_r
                0x08009d2c       0x2e C:/ST/STM32CubeCLT_1.19.0/GNU-tools-for-STM32/bin/../lib/gcc/arm-none-eabi/13.3.1/../../../../arm-none-eabi/lib/thumb/v7e-m+fp/hard\libg_nano.a(libc_a-nano-vfprintf.o)
 .text.__sfputs_r
                0x08009d5a       0x24 C:/ST/STM32CubeCLT_1.19.0/GNU-tools-for-STM32/bin/../lib/gcc/arm-none-eabi/13.3.1/../../../../arm-none-eabi/lib/thumb/v7e-m+fp/hard\libg_nano.a(libc_a-nano-vfprintf.o)
                0x08009d5a                __sfputs_r
 *fill*         0x08009d7e        0x2 
 .text._vfprintf_r
                0x08009d80      0x230 C:/ST/STM32CubeCLT_1.19.0/GNU-tools-for-STM32/bin/../lib/gcc/arm-none-eabi/13.3.1/../../../../arm-none-eabi/lib/thumb/v7e-m+fp/hard\libg_nano.a(libc_a-nano-vfprintf.o)
                0x08009d80                _vfprintf_r
                0x08009d80                _vfiprintf_r
 .text._printf_common
                0x08009fb0       0xda C:/ST/STM32CubeCLT_1.19.0/GNU-tools-for-STM32/bin/../lib/gcc/arm-none-eabi/13.3.1/../../../../arm-none-eabi/lib/thumb/v7e-m+fp/hard\libg_nano.a(libc_a-nano-vfprintf_i.o)
                0x08009fb0                _printf_common
 *fill*         0x0800a08a        0x2 
 .text._printf_i
                0x0800a08c      0x23c C:/ST/STM32CubeCLT_1.19.0/GNU-tools-for-STM32/bin/../lib/gcc/arm-none-eabi/13.3.1/../../../../arm-none-eabi/lib/thumb/v7e-m+fp/hard\libg_nano.a(libc_a-nano-vfprintf_i.o)
                0x0800a08c                _printf_i
 .text.__sflush_r
                0x0800a2c8      0x108 C:/ST/STM32CubeCLT_1.19.0/GNU-tools-for-STM32/bin/../lib/gcc/arm-none-eabi/13.3.1/../../../../arm-none-eabi/lib/thumb/v7e-m+fp/hard\libg_nano.a(libc_a-fflush.o)
                0x0800a2c8                __sflush_r
 .text._fflush_r
                0x0800a3d0       0x50 C:/ST/STM32CubeCLT_1.19.0/GNU-tools-for-STM32/bin/../lib/gcc/arm-none-eabi/13.3.1/../../../../arm-none-eabi/lib/thumb/v7e-m+fp/hard\libg_nano.a(libc_a-fflush.o)
                0x0800a3d0                _fflush_r
 .text.__swhatbuf_r
                0x0800a420       0x4c C:/ST/STM32CubeCLT_1.19.0/GNU-tools-for-STM32/bin/../lib/gcc/arm-none-eabi/13.3.1/../../../../arm-none-eabi/lib/thumb/v7e-m+fp/hard\libg_nano.a(libc_a-makebuf.o)
                0x0800a420                __swhatbuf_r
 .text.__smakebuf_r
                0x0800a46c       0x78 C:/ST/STM32CubeCLT_1.19.0/GNU-tools-for-STM32/bin/../lib/gcc/arm-none-eabi/13.3.1/../../../../arm-none-eabi/lib/thumb/v7e-m+fp/hard\libg_nano.a(libc_a-makebuf.o)
                0x0800a46c                __smakebuf_r
 .text._fstat_r
                0x0800a4e4       0x24 C:/ST/STM32CubeCLT_1.19.0/GNU-tools-for-STM32/bin/../lib/gcc/arm-none-eabi/13.3.1/../../../../arm-none-eabi/lib/thumb/v7e-m+fp/hard\libg_nano.a(libc_a-fstatr.o)
                0x0800a4e4                _fstat_r
 .text._isatty_r
                0x0800a508       0x20 C:/ST/STM32CubeCLT_1.19.0/GNU-tools-for-STM32/bin/../lib/gcc/arm-none-eabi/13.3.1/../../../../arm-none-eabi/lib/thumb/v7e-m+fp/hard\libg_nano.a(libc_a-isattyr.o)
                0x0800a508                _isatty_r
 .text._sbrk_r  0x0800a528       0x20 C:/ST/STM32CubeCLT_1.19.0/GNU-tools-for-STM32/bin/../lib/gcc/arm-none-eabi/13.3.1/../../../../arm-none-eabi/lib/thumb/v7e-m+fp/hard\libg_nano.a(libc_a-sbrkr.o)
                0x0800a528                _sbrk_r
 *(.glue_7)
 .glue_7        0x0800a548        0x0 linker stubs
 *(.glue_7t)
 .glue_7t       0x0800a548        0x0 linker stubs
 *(.eh_frame)
 .eh_frame      0x0800a548        0x0 C:/ST/STM32CubeCLT_1.19.0/GNU-tools-for-STM32/bin/../lib/gcc/arm-none-eabi/13.3.1/thumb/v7e-m+fp/hard/crtbegin.o
 *(.init)
 .init          0x0800a548        0x4 C:/ST/STM32CubeCLT_1.19.0/GNU-tools-for-STM32/bin/../lib/gcc/arm-none-eabi/13.3.1/thumb/v7e-m+fp/hard/crti.o
                0x0800a548                _init
 .init          0x0800a54c        0x8 C:/ST/STM32CubeCLT_1.19.0/GNU-tools-for-STM32/bin/../lib/gcc/arm-none-eabi/13.3.1/thumb/v7e-m+fp/hard/crtn.o
 *(.fini)
 .fini          0x0800a554        0x4 C:/ST/STM32CubeCLT_1.19.0/GNU-tools-for-STM32/bin/../lib/gcc/arm-none-eabi/13.3.1/thumb/v7e-m+fp/hard/crti.o
                0x0800a554                _fini
 .fini          0x0800a558        0x8 C:/ST/STM32CubeCLT_1.19.0/GNU-tools-for-STM32/bin/../lib/gcc/arm-none-eabi/13.3.1/thumb/v7e-m+fp/hard/crtn.o
                0x0800a560                        . = ALIGN (0x4)
                0x0800a560                        _etext = .

.vfp11_veneer   0x0800a560        0x0
 .vfp11_veneer  0x0800a560        0x0 linker stubs

.v4_bx          0x0800a560        0x0
 .v4_bx         0x0800a560        0x0 linker stubs

.iplt           0x0800a560        0x0
 .iplt          0x0800a560        0x0 C:/ST/STM32CubeCLT_1.19.0/GNU-tools-for-STM32/bin/../lib/gcc/arm-none-eabi/13.3.1/thumb/v7e-m+fp/hard/crtbegin.o

.rodata         0x0800a560      0xa10
                0x0800a560                        . = ALIGN (0x4)
 *(.rodata)
 .rodata        0x0800a560       0x70 cmake/stm32cubemx/CMakeFiles/STM32_Drivers.dir/C_/Users/david/STM32Cube/Repository/STM32Cube_FW_G4_V1.6.3/Drivers/STM32G4xx_HAL_Driver/Src/stm32g4xx_hal_adc.c.obj
 .rodata        0x0800a5d0       0x73 cmake/stm32cubemx/CMakeFiles/STM32_Drivers.dir/C_/Users/david/STM32Cube/Repository/STM32Cube_FW_G4_V1.6.3/Drivers/STM32G4xx_HAL_Driver/Src/stm32g4xx_hal_adc_ex.c.obj
 *fill*         0x0800a643        0x1 
 .rodata        0x0800a644       0x70 cmake/stm32cubemx/CMakeFiles/STM32_Drivers.dir/C_/Users/david/STM32Cube/Repository/STM32Cube_FW_G4_V1.6.3/Drivers/STM32G4xx_HAL_Driver/Src/stm32g4xx_hal_rcc.c.obj
 .rodata        0x0800a6b4       0x73 cmake/stm32cubemx/CMakeFiles/STM32_Drivers.dir/C_/Users/david/STM32Cube/Repository/STM32Cube_FW_G4_V1.6.3/Drivers/STM32G4xx_HAL_Driver/Src/stm32g4xx_hal_rcc_ex.c.obj
 *fill*         0x0800a727        0x1 
 .rodata        0x0800a728       0x71 cmake/stm32cubemx/CMakeFiles/STM32_Drivers.dir/C_/Users/david/STM32Cube/Repository/STM32Cube_FW_G4_V1.6.3/Drivers/STM32G4xx_HAL_Driver/Src/stm32g4xx_hal_gpio.c.obj
 *fill*         0x0800a799        0x3 
 .rodata        0x0800a79c       0x73 cmake/stm32cubemx/CMakeFiles/STM32_Drivers.dir/C_/Users/david/STM32Cube/Repository/STM32Cube_FW_G4_V1.6.3/Drivers/STM32G4xx_HAL_Driver/Src/stm32g4xx_hal_pwr_ex.c.obj
 *fill*         0x0800a80f        0x1 
 .rodata        0x0800a810       0x73 cmake/stm32cubemx/CMakeFiles/STM32_Drivers.dir/C_/Users/david/STM32Cube/Repository/STM32Cube_FW_G4_V1.6.3/Drivers/STM32G4xx_HAL_Driver/Src/stm32g4xx_hal_cortex.c.obj
 *fill*         0x0800a883        0x1 
 .rodata        0x0800a884       0x72 cmake/stm32cubemx/CMakeFiles/STM32_Drivers.dir/C_/Users/david/STM32Cube/Repository/STM32Cube_FW_G4_V1.6.3/Drivers/STM32G4xx_HAL_Driver/Src/stm32g4xx_hal_fdcan.c.obj
 *fill*         0x0800a8f6        0x2 
 .rodata        0x0800a8f8       0x71 cmake/stm32cubemx/CMakeFiles/STM32_Drivers.dir/C_/Users/david/STM32Cube/Repository/STM32Cube_FW_G4_V1.6.3/Drivers/STM32G4xx_HAL_Driver/Src/stm32g4xx_hal_uart.c.obj
 *fill*         0x0800a969        0x3 
 .rodata        0x0800a96c      0x58f CMakeFiles/VCU.dir/Core/Src/main.c.obj
 *(.rodata*)
 *fill*         0x0800aefb        0x1 
 .rodata.AHBPrescTable
                0x0800aefc       0x10 cmake/stm32cubemx/CMakeFiles/STM32_Drivers.dir/__/__/Core/Src/system_stm32g4xx.c.obj
                0x0800aefc                AHBPrescTable
 .rodata.APBPrescTable
                0x0800af0c        0x8 cmake/stm32cubemx/CMakeFiles/STM32_Drivers.dir/__/__/Core/Src/system_stm32g4xx.c.obj
                0x0800af0c                APBPrescTable
 .rodata.DLCtoBytes
                0x0800af14       0x10 cmake/stm32cubemx/CMakeFiles/STM32_Drivers.dir/C_/Users/david/STM32Cube/Repository/STM32Cube_FW_G4_V1.6.3/Drivers/STM32G4xx_HAL_Driver/Src/stm32g4xx_hal_fdcan.c.obj
 .rodata.UARTPrescTable
                0x0800af24       0x18 cmake/stm32cubemx/CMakeFiles/STM32_Drivers.dir/C_/Users/david/STM32Cube/Repository/STM32Cube_FW_G4_V1.6.3/Drivers/STM32G4xx_HAL_Driver/Src/stm32g4xx_hal_uart.c.obj
                0x0800af24                UARTPrescTable
 .rodata._vfprintf_r.str1.1
                0x0800af3c       0x33 C:/ST/STM32CubeCLT_1.19.0/GNU-tools-for-STM32/bin/../lib/gcc/arm-none-eabi/13.3.1/../../../../arm-none-eabi/lib/thumb/v7e-m+fp/hard\libg_nano.a(libc_a-nano-vfprintf.o)
                                 0x11 (size before relaxing)
 .rodata._printf_i.str1.1
                0x0800af6f       0x22 C:/ST/STM32CubeCLT_1.19.0/GNU-tools-for-STM32/bin/../lib/gcc/arm-none-eabi/13.3.1/../../../../arm-none-eabi/lib/thumb/v7e-m+fp/hard\libg_nano.a(libc_a-nano-vfprintf_i.o)
                0x0800af94                        . = ALIGN (0x4)
 *fill*         0x0800af6f        0x1 

.ARM.extab      0x0800af70        0x0
                0x0800af70                        . = ALIGN (0x4)
 *(.ARM.extab* .gnu.linkonce.armextab.*)
                0x0800af70                        . = ALIGN (0x4)

.ARM            0x0800af70        0x8
                0x0800af70                        . = ALIGN (0x4)
                0x0800af70                        __exidx_start = .
 *(.ARM.exidx*)
 .ARM.exidx     0x0800af70        0x8 C:/ST/STM32CubeCLT_1.19.0/GNU-tools-for-STM32/bin/../lib/gcc/arm-none-eabi/13.3.1/thumb/v7e-m+fp/hard\libgcc.a(_udivmoddi4.o)
 .ARM.exidx     0x0800af78        0x0 C:/ST/STM32CubeCLT_1.19.0/GNU-tools-for-STM32/bin/../lib/gcc/arm-none-eabi/13.3.1/../../../../arm-none-eabi/lib/thumb/v7e-m+fp/hard\libg_nano.a(libc_a-memchr.o)
                                  0x8 (size before relaxing)
                0x0800af78                        __exidx_end = .
                0x0800af78                        . = ALIGN (0x4)

.preinit_array  0x0800af78        0x0
                0x0800af78                        . = ALIGN (0x4)
                0x0800af78                        PROVIDE (__preinit_array_start = .)
 *(.preinit_array*)
                0x0800af78                        PROVIDE (__preinit_array_end = .)
                0x0800af78                        . = ALIGN (0x4)

.init_array     0x0800af78        0x4
                0x0800af78                        . = ALIGN (0x4)
                0x0800af78                        PROVIDE (__init_array_start = .)
 *(SORT_BY_NAME(.init_array.*))
 *(.init_array*)
 .init_array    0x0800af78        0x4 C:/ST/STM32CubeCLT_1.19.0/GNU-tools-for-STM32/bin/../lib/gcc/arm-none-eabi/13.3.1/thumb/v7e-m+fp/hard/crtbegin.o
                0x0800af7c                        PROVIDE (__init_array_end = .)
                0x0800af7c                        . = ALIGN (0x4)

.fini_array     0x0800af7c        0x4
                0x0800af7c                        . = ALIGN (0x4)
                [!provide]                        PROVIDE (__fini_array_start = .)
 *(SORT_BY_NAME(.fini_array.*))
 *(.fini_array*)
 .fini_array    0x0800af7c        0x4 C:/ST/STM32CubeCLT_1.19.0/GNU-tools-for-STM32/bin/../lib/gcc/arm-none-eabi/13.3.1/thumb/v7e-m+fp/hard/crtbegin.o
                [!provide]                        PROVIDE (__fini_array_end = .)
                0x0800af80                        . = ALIGN (0x4)
                0x0800af80                        _sidata = LOADADDR (.data)

.rel.dyn        0x0800af80        0x0
 .rel.iplt      0x0800af80        0x0 C:/ST/STM32CubeCLT_1.19.0/GNU-tools-for-STM32/bin/../lib/gcc/arm-none-eabi/13.3.1/thumb/v7e-m+fp/hard/crtbegin.o

.data           0x20000000       0x6c load address 0x0800af80
                0x20000000                        . = ALIGN (0x4)
                0x20000000                        _sdata = .
 *(.data)
 *(.data*)
 .data.SystemCoreClock
                0x20000000        0x4 cmake/stm32cubemx/CMakeFiles/STM32_Drivers.dir/__/__/Core/Src/system_stm32g4xx.c.obj
                0x20000000                SystemCoreClock
 .data.uwTickPrio
                0x20000004        0x4 cmake/stm32cubemx/CMakeFiles/STM32_Drivers.dir/C_/Users/david/STM32Cube/Repository/STM32Cube_FW_G4_V1.6.3/Drivers/STM32G4xx_HAL_Driver/Src/stm32g4xx_hal.c.obj
                0x20000004                uwTickPrio
 .data.uwTickFreq
                0x20000008        0x4 cmake/stm32cubemx/CMakeFiles/STM32_Drivers.dir/C_/Users/david/STM32Cube/Repository/STM32Cube_FW_G4_V1.6.3/Drivers/STM32G4xx_HAL_Driver/Src/stm32g4xx_hal.c.obj
                0x20000008                uwTickFreq
 .data.COM_USART
                0x2000000c        0x4 cmake/stm32cubemx/CMakeFiles/STM32_Drivers.dir/C_/Users/david/STM32Cube/Repository/STM32Cube_FW_G4_V1.6.3/Drivers/BSP/STM32G4xx_Nucleo/stm32g4xx_nucleo.c.obj
 .data.__sglue  0x20000010        0xc C:/ST/STM32CubeCLT_1.19.0/GNU-tools-for-STM32/bin/../lib/gcc/arm-none-eabi/13.3.1/../../../../arm-none-eabi/lib/thumb/v7e-m+fp/hard\libg_nano.a(libc_a-findfp.o)
                0x20000010                __sglue
 .data._impure_ptr
                0x2000001c        0x4 C:/ST/STM32CubeCLT_1.19.0/GNU-tools-for-STM32/bin/../lib/gcc/arm-none-eabi/13.3.1/../../../../arm-none-eabi/lib/thumb/v7e-m+fp/hard\libg_nano.a(libc_a-impure.o)
                0x2000001c                _impure_ptr
 .data._impure_data
                0x20000020       0x4c C:/ST/STM32CubeCLT_1.19.0/GNU-tools-for-STM32/bin/../lib/gcc/arm-none-eabi/13.3.1/../../../../arm-none-eabi/lib/thumb/v7e-m+fp/hard\libg_nano.a(libc_a-impure.o)
                0x20000020                _impure_data
 *(.RamFunc)
 *(.RamFunc*)
                0x2000006c                        . = ALIGN (0x4)

.igot.plt       0x2000006c        0x0 load address 0x0800afec
 .igot.plt      0x2000006c        0x0 C:/ST/STM32CubeCLT_1.19.0/GNU-tools-for-STM32/bin/../lib/gcc/arm-none-eabi/13.3.1/thumb/v7e-m+fp/hard/crtbegin.o

.tdata          0x2000006c        0x0 load address 0x0800afec
 *(.tdata .tdata.* .gnu.linkonce.td.*)
                0x2000006c                        . = ALIGN (0x4)
                0x2000006c                        _edata = .
                [!provide]                        PROVIDE (__data_end = .)
                [!provide]                        PROVIDE (__tdata_end = .)
                [!provide]                        PROVIDE (__tdata_start = ADDR (.tdata))
                [!provide]                        PROVIDE (__tdata_size = (__tdata_end - __tdata_start))
                [!provide]                        PROVIDE (__data_start = ADDR (.data))
                [!provide]                        PROVIDE (__data_size = (__data_end - __data_start))
                [!provide]                        PROVIDE (__tdata_source = LOADADDR (.tdata))
                [!provide]                        PROVIDE (__tdata_source_end = (LOADADDR (.tdata) + SIZEOF (.tdata)))
                [!provide]                        PROVIDE (__tdata_source_size = (__tdata_source_end - __tdata_source))
                [!provide]                        PROVIDE (__data_source = LOADADDR (.data))
                [!provide]                        PROVIDE (__data_source_end = __tdata_source_end)
                [!provide]                        PROVIDE (__data_source_size = (__data_source_end - __data_source))

.tbss           0x2000006c        0x0 load address 0x0800afec
                0x2000006c                        _sbss = .
                0x2000006c                        __bss_start__ = _sbss
 *(.tbss .tbss.*)
                0x2000006c                        . = ALIGN (0x4)
                [!provide]                        PROVIDE (__tbss_end = .)
                [!provide]                        PROVIDE (__tbss_start = ADDR (.tbss))
                [!provide]                        PROVIDE (__tbss_size = (__tbss_end - __tbss_start))
                [!provide]                        PROVIDE (__tbss_offset = (ADDR (.tbss) - ADDR (.tdata)))
                [!provide]                        PROVIDE (__tls_base = __tdata_start)
                [!provide]                        PROVIDE (__tls_end = __tbss_end)
                [!provide]                        PROVIDE (__tls_size = (__tls_end - __tls_base))
                [!provide]                        PROVIDE (__tls_align = MAX (ALIGNOF (.tdata), ALIGNOF (.tbss)))
                [!provide]                        PROVIDE (__tls_size_align = (((__tls_size + __tls_align) - 0x1) & ~ ((__tls_align - 0x1))))
                [!provide]                        PROVIDE (__arm32_tls_tcb_offset = MAX (0x8, __tls_align))
                [!provide]                        PROVIDE (__arm64_tls_tcb_offset = MAX (0x10, __tls_align))

.bss            0x2000006c      0x400 load address 0x0800afec
 *(.bss)
 .bss           0x2000006c       0x1c C:/ST/STM32CubeCLT_1.19.0/GNU-tools-for-STM32/bin/../lib/gcc/arm-none-eabi/13.3.1/thumb/v7e-m+fp/hard/crtbegin.o
 *(.bss*)
 .bss.uwTick    0x20000088        0x4 cmake/stm32cubemx/CMakeFiles/STM32_Drivers.dir/C_/Users/david/STM32Cube/Repository/STM32Cube_FW_G4_V1.6.3/Drivers/STM32G4xx_HAL_Driver/Src/stm32g4xx_hal.c.obj
                0x20000088                uwTick
 .bss.hcom_uart
                0x2000008c       0x94 cmake/stm32cubemx/CMakeFiles/STM32_Drivers.dir/C_/Users/david/STM32Cube/Repository/STM32Cube_FW_G4_V1.6.3/Drivers/BSP/STM32G4xx_Nucleo/stm32g4xx_nucleo.c.obj
                0x2000008c                hcom_uart
 .bss.BspCOMInit
                0x20000120       0x10 CMakeFiles/VCU.dir/Core/Src/main.c.obj
                0x20000120                BspCOMInit
 .bss.TxHeader  0x20000130       0x24 CMakeFiles/VCU.dir/Core/Src/main.c.obj
                0x20000130                TxHeader
 .bss.RxHeader  0x20000154       0x28 CMakeFiles/VCU.dir/Core/Src/main.c.obj
                0x20000154                RxHeader
 .bss.TxData    0x2000017c        0x8 CMakeFiles/VCU.dir/Core/Src/main.c.obj
                0x2000017c                TxData
 .bss.RxData    0x20000184        0x8 CMakeFiles/VCU.dir/Core/Src/main.c.obj
                0x20000184                RxData
 .bss.R2D_status
                0x2000018c        0x2 CMakeFiles/VCU.dir/Core/Src/main.c.obj
                0x2000018c                R2D_status
 .bss.R2D_internal_status
                0x2000018e        0x2 CMakeFiles/VCU.dir/Core/Src/main.c.obj
                0x2000018e                R2D_internal_status
 .bss.R2D_error_flags
                0x20000190        0x2 CMakeFiles/VCU.dir/Core/Src/main.c.obj
                0x20000190                R2D_error_flags
 .bss.R2D_air_positive_active
                0x20000192        0x1 CMakeFiles/VCU.dir/Core/Src/main.c.obj
                0x20000192                R2D_air_positive_active
 .bss.R2D_air_negative_active
                0x20000193        0x1 CMakeFiles/VCU.dir/Core/Src/main.c.obj
                0x20000193                R2D_air_negative_active
 .bss.R2D_precharge_active
                0x20000194        0x1 CMakeFiles/VCU.dir/Core/Src/main.c.obj
                0x20000194                R2D_precharge_active
 .bss.R2D_discharge_active
                0x20000195        0x1 CMakeFiles/VCU.dir/Core/Src/main.c.obj
                0x20000195                R2D_discharge_active
 .bss.R2D_activation_sequence_vcu
                0x20000196        0x1 CMakeFiles/VCU.dir/Core/Src/main.c.obj
                0x20000196                R2D_activation_sequence_vcu
 *fill*         0x20000197        0x1 
 .bss.AMS_temperature_max
                0x20000198        0x4 CMakeFiles/VCU.dir/Core/Src/main.c.obj
                0x20000198                AMS_temperature_max
 .bss.AMS_temperature_min
                0x2000019c        0x4 CMakeFiles/VCU.dir/Core/Src/main.c.obj
                0x2000019c                AMS_temperature_min
 .bss.AMS_battery_current
                0x200001a0        0x4 CMakeFiles/VCU.dir/Core/Src/main.c.obj
                0x200001a0                AMS_battery_current
 .bss.AMS_battery_voltage
                0x200001a4        0x4 CMakeFiles/VCU.dir/Core/Src/main.c.obj
                0x200001a4                AMS_battery_voltage
 .bss.brake_lights_active
                0x200001a8        0x1 CMakeFiles/VCU.dir/Core/Src/main.c.obj
                0x200001a8                brake_lights_active
 .bss.CAN_reception_error
                0x200001a9        0x1 CMakeFiles/VCU.dir/Core/Src/main.c.obj
                0x200001a9                CAN_reception_error
 *fill*         0x200001aa        0x2 
 .bss.PDU_last_R2D_tick
                0x200001ac        0x4 CMakeFiles/VCU.dir/Core/Src/main.c.obj
                0x200001ac                PDU_last_R2D_tick
 .bss.AMS_last_temperature_tick
                0x200001b0        0x4 CMakeFiles/VCU.dir/Core/Src/main.c.obj
                0x200001b0                AMS_last_temperature_tick
 .bss.AMS_last_measurement_tick
                0x200001b4        0x4 CMakeFiles/VCU.dir/Core/Src/main.c.obj
                0x200001b4                AMS_last_measurement_tick
 .bss.brake_lights_last_tick
                0x200001b8        0x4 CMakeFiles/VCU.dir/Core/Src/main.c.obj
                0x200001b8                brake_lights_last_tick
 .bss.adc_value
                0x200001bc        0x2 CMakeFiles/VCU.dir/Core/Src/main.c.obj
                0x200001bc                adc_value
 .bss.brake_adc_value
                0x200001be        0x2 CMakeFiles/VCU.dir/Core/Src/main.c.obj
                0x200001be                brake_adc_value
 .bss.BRAKE     0x200001c0        0x2 CMakeFiles/VCU.dir/Core/Src/main.c.obj
                0x200001c0                BRAKE
 *fill*         0x200001c2        0x2 
 .bss.brake_current_mA
                0x200001c4        0x4 CMakeFiles/VCU.dir/Core/Src/main.c.obj
                0x200001c4                brake_current_mA
 .bss.brake_signal_valid
                0x200001c8        0x1 CMakeFiles/VCU.dir/Core/Src/main.c.obj
                0x200001c8                brake_signal_valid
 *fill*         0x200001c9        0x1 
 .bss.APPS1     0x200001ca        0x2 CMakeFiles/VCU.dir/Core/Src/main.c.obj
                0x200001ca                APPS1
 .bss.APPS2     0x200001cc        0x2 CMakeFiles/VCU.dir/Core/Src/main.c.obj
                0x200001cc                APPS2
 *fill*         0x200001ce        0x2 
 .bss.differential
                0x200001d0        0x4 CMakeFiles/VCU.dir/Core/Src/main.c.obj
                0x200001d0                differential
 .bss.target_rel_current
                0x200001d4        0x2 CMakeFiles/VCU.dir/Core/Src/main.c.obj
                0x200001d4                target_rel_current
 .bss.APPS_implausibility_error
                0x200001d6        0x1 CMakeFiles/VCU.dir/Core/Src/main.c.obj
                0x200001d6                APPS_implausibility_error
 .bss.APPS_error_timer_started
                0x200001d7        0x1 CMakeFiles/VCU.dir/Core/Src/main.c.obj
                0x200001d7                APPS_error_timer_started
 .bss.APPS_error_start_tick
                0x200001d8        0x4 CMakeFiles/VCU.dir/Core/Src/main.c.obj
                0x200001d8                APPS_error_start_tick
 .bss.hadc1     0x200001dc       0x6c CMakeFiles/VCU.dir/Core/Src/adc.c.obj
                0x200001dc                hadc1
 .bss.hadc2     0x20000248       0x6c CMakeFiles/VCU.dir/Core/Src/adc.c.obj
                0x20000248                hadc2
 .bss.HAL_RCC_ADC12_CLK_ENABLED
                0x200002b4        0x4 CMakeFiles/VCU.dir/Core/Src/adc.c.obj
 .bss.hfdcan1   0x200002b8       0x64 CMakeFiles/VCU.dir/Core/Src/fdcan.c.obj
                0x200002b8                hfdcan1
 .bss.__sbrk_heap_end
                0x2000031c        0x4 CMakeFiles/VCU.dir/Core/Src/sysmem.c.obj
 .bss.__sf      0x20000320      0x138 C:/ST/STM32CubeCLT_1.19.0/GNU-tools-for-STM32/bin/../lib/gcc/arm-none-eabi/13.3.1/../../../../arm-none-eabi/lib/thumb/v7e-m+fp/hard\libg_nano.a(libc_a-findfp.o)
                0x20000320                __sf
 .bss.__stdio_exit_handler
                0x20000458        0x4 C:/ST/STM32CubeCLT_1.19.0/GNU-tools-for-STM32/bin/../lib/gcc/arm-none-eabi/13.3.1/../../../../arm-none-eabi/lib/thumb/v7e-m+fp/hard\libg_nano.a(libc_a-findfp.o)
                0x20000458                __stdio_exit_handler
 .bss.errno     0x2000045c        0x4 C:/ST/STM32CubeCLT_1.19.0/GNU-tools-for-STM32/bin/../lib/gcc/arm-none-eabi/13.3.1/../../../../arm-none-eabi/lib/thumb/v7e-m+fp/hard\libg_nano.a(libc_a-reent.o)
                0x2000045c                errno
 .bss.__lock___malloc_recursive_mutex
                0x20000460        0x1 C:/ST/STM32CubeCLT_1.19.0/GNU-tools-for-STM32/bin/../lib/gcc/arm-none-eabi/13.3.1/../../../../arm-none-eabi/lib/thumb/v7e-m+fp/hard\libg_nano.a(libc_a-lock.o)
                0x20000460                __lock___malloc_recursive_mutex
 .bss.__lock___sfp_recursive_mutex
                0x20000461        0x1 C:/ST/STM32CubeCLT_1.19.0/GNU-tools-for-STM32/bin/../lib/gcc/arm-none-eabi/13.3.1/../../../../arm-none-eabi/lib/thumb/v7e-m+fp/hard\libg_nano.a(libc_a-lock.o)
                0x20000461                __lock___sfp_recursive_mutex
 *fill*         0x20000462        0x2 
 .bss.__malloc_sbrk_start
                0x20000464        0x4 C:/ST/STM32CubeCLT_1.19.0/GNU-tools-for-STM32/bin/../lib/gcc/arm-none-eabi/13.3.1/../../../../arm-none-eabi/lib/thumb/v7e-m+fp/hard\libg_nano.a(libc_a-mallocr.o)
                0x20000464                __malloc_sbrk_start
 .bss.__malloc_free_list
                0x20000468        0x4 C:/ST/STM32CubeCLT_1.19.0/GNU-tools-for-STM32/bin/../lib/gcc/arm-none-eabi/13.3.1/../../../../arm-none-eabi/lib/thumb/v7e-m+fp/hard\libg_nano.a(libc_a-mallocr.o)
                0x20000468                __malloc_free_list
 *(COMMON)
                0x2000046c                        . = ALIGN (0x4)
                0x2000046c                        _ebss = .
                0x2000046c                        __bss_end__ = _ebss
                [!provide]                        PROVIDE (__bss_end = .)
                [!provide]                        PROVIDE (__non_tls_bss_start = ADDR (.bss))
                [!provide]                        PROVIDE (__bss_start = __tbss_start)
                [!provide]                        PROVIDE (__bss_size = (__bss_end - __bss_start))

._user_heap_stack
                0x2000046c      0x604 load address 0x0800afec
                0x20000470                        . = ALIGN (0x8)
 *fill*         0x2000046c        0x4 
                [!provide]                        PROVIDE (end = .)
                0x20000470                        PROVIDE (_end = .)
                0x20000670                        . = (. + _Min_Heap_Size)
 *fill*         0x20000470      0x200 
                0x20000a70                        . = (. + _Min_Stack_Size)
 *fill*         0x20000670      0x400 
                0x20000a70                        . = ALIGN (0x8)

/DISCARD/
 libc.a:*(*)
 libm.a:*(*)
 libgcc.a:*(*)
OUTPUT(VCU.elf elf32-littlearm)
LOAD linker stubs

.ARM.attributes
                0x00000000       0x30
 .ARM.attributes
                0x00000000       0x22 C:/ST/STM32CubeCLT_1.19.0/GNU-tools-for-STM32/bin/../lib/gcc/arm-none-eabi/13.3.1/thumb/v7e-m+fp/hard/crti.o
 .ARM.attributes
                0x00000022       0x34 C:/ST/STM32CubeCLT_1.19.0/GNU-tools-for-STM32/bin/../lib/gcc/arm-none-eabi/13.3.1/thumb/v7e-m+fp/hard/crtbegin.o
 .ARM.attributes
                0x00000056       0x34 cmake/stm32cubemx/CMakeFiles/STM32_Drivers.dir/__/__/Core/Src/system_stm32g4xx.c.obj
 .ARM.attributes
                0x0000008a       0x34 cmake/stm32cubemx/CMakeFiles/STM32_Drivers.dir/C_/Users/david/STM32Cube/Repository/STM32Cube_FW_G4_V1.6.3/Drivers/STM32G4xx_HAL_Driver/Src/stm32g4xx_hal_adc.c.obj
 .ARM.attributes
                0x000000be       0x34 cmake/stm32cubemx/CMakeFiles/STM32_Drivers.dir/C_/Users/david/STM32Cube/Repository/STM32Cube_FW_G4_V1.6.3/Drivers/STM32G4xx_HAL_Driver/Src/stm32g4xx_hal_adc_ex.c.obj
 .ARM.attributes
                0x000000f2       0x34 cmake/stm32cubemx/CMakeFiles/STM32_Drivers.dir/C_/Users/david/STM32Cube/Repository/STM32Cube_FW_G4_V1.6.3/Drivers/STM32G4xx_HAL_Driver/Src/stm32g4xx_hal.c.obj
 .ARM.attributes
                0x00000126       0x34 cmake/stm32cubemx/CMakeFiles/STM32_Drivers.dir/C_/Users/david/STM32Cube/Repository/STM32Cube_FW_G4_V1.6.3/Drivers/STM32G4xx_HAL_Driver/Src/stm32g4xx_hal_rcc.c.obj
 .ARM.attributes
                0x0000015a       0x34 cmake/stm32cubemx/CMakeFiles/STM32_Drivers.dir/C_/Users/david/STM32Cube/Repository/STM32Cube_FW_G4_V1.6.3/Drivers/STM32G4xx_HAL_Driver/Src/stm32g4xx_hal_rcc_ex.c.obj
 .ARM.attributes
                0x0000018e       0x34 cmake/stm32cubemx/CMakeFiles/STM32_Drivers.dir/C_/Users/david/STM32Cube/Repository/STM32Cube_FW_G4_V1.6.3/Drivers/STM32G4xx_HAL_Driver/Src/stm32g4xx_hal_gpio.c.obj
 .ARM.attributes
                0x000001c2       0x34 cmake/stm32cubemx/CMakeFiles/STM32_Drivers.dir/C_/Users/david/STM32Cube/Repository/STM32Cube_FW_G4_V1.6.3/Drivers/STM32G4xx_HAL_Driver/Src/stm32g4xx_hal_pwr_ex.c.obj
 .ARM.attributes
                0x000001f6       0x34 cmake/stm32cubemx/CMakeFiles/STM32_Drivers.dir/C_/Users/david/STM32Cube/Repository/STM32Cube_FW_G4_V1.6.3/Drivers/STM32G4xx_HAL_Driver/Src/stm32g4xx_hal_cortex.c.obj
 .ARM.attributes
                0x0000022a       0x34 cmake/stm32cubemx/CMakeFiles/STM32_Drivers.dir/C_/Users/david/STM32Cube/Repository/STM32Cube_FW_G4_V1.6.3/Drivers/STM32G4xx_HAL_Driver/Src/stm32g4xx_hal_fdcan.c.obj
 .ARM.attributes
                0x0000025e       0x34 cmake/stm32cubemx/CMakeFiles/STM32_Drivers.dir/C_/Users/david/STM32Cube/Repository/STM32Cube_FW_G4_V1.6.3/Drivers/STM32G4xx_HAL_Driver/Src/stm32g4xx_hal_uart.c.obj
 .ARM.attributes
                0x00000292       0x34 cmake/stm32cubemx/CMakeFiles/STM32_Drivers.dir/C_/Users/david/STM32Cube/Repository/STM32Cube_FW_G4_V1.6.3/Drivers/BSP/STM32G4xx_Nucleo/stm32g4xx_nucleo.c.obj
 .ARM.attributes
                0x000002c6       0x34 CMakeFiles/VCU.dir/Core/Src/main.c.obj
 .ARM.attributes
                0x000002fa       0x34 CMakeFiles/VCU.dir/Core/Src/gpio.c.obj
 .ARM.attributes
                0x0000032e       0x34 CMakeFiles/VCU.dir/Core/Src/adc.c.obj
 .ARM.attributes
                0x00000362       0x34 CMakeFiles/VCU.dir/Core/Src/fdcan.c.obj
 .ARM.attributes
                0x00000396       0x34 CMakeFiles/VCU.dir/Core/Src/stm32g4xx_it.c.obj
 .ARM.attributes
                0x000003ca       0x34 CMakeFiles/VCU.dir/Core/Src/stm32g4xx_hal_msp.c.obj
 .ARM.attributes
                0x000003fe       0x34 CMakeFiles/VCU.dir/Core/Src/sysmem.c.obj
 .ARM.attributes
                0x00000432       0x34 CMakeFiles/VCU.dir/Core/Src/syscalls.c.obj
 .ARM.attributes
                0x00000466       0x21 CMakeFiles/VCU.dir/startup_stm32g474xx.s.obj
 .ARM.attributes
                0x00000487       0x22 C:/ST/STM32CubeCLT_1.19.0/GNU-tools-for-STM32/bin/../lib/gcc/arm-none-eabi/13.3.1/thumb/v7e-m+fp/hard\libgcc.a(_aeabi_uldivmod.o)
 .ARM.attributes
                0x000004a9       0x34 C:/ST/STM32CubeCLT_1.19.0/GNU-tools-for-STM32/bin/../lib/gcc/arm-none-eabi/13.3.1/thumb/v7e-m+fp/hard\libgcc.a(_udivmoddi4.o)
 .ARM.attributes
                0x000004dd       0x22 C:/ST/STM32CubeCLT_1.19.0/GNU-tools-for-STM32/bin/../lib/gcc/arm-none-eabi/13.3.1/thumb/v7e-m+fp/hard\libgcc.a(_dvmd_tls.o)
 .ARM.attributes
                0x000004ff       0x34 C:/ST/STM32CubeCLT_1.19.0/GNU-tools-for-STM32/bin/../lib/gcc/arm-none-eabi/13.3.1/../../../../arm-none-eabi/lib/thumb/v7e-m+fp/hard\libg_nano.a(libc_a-findfp.o)
 .ARM.attributes
                0x00000533       0x34 C:/ST/STM32CubeCLT_1.19.0/GNU-tools-for-STM32/bin/../lib/gcc/arm-none-eabi/13.3.1/../../../../arm-none-eabi/lib/thumb/v7e-m+fp/hard\libg_nano.a(libc_a-fwalk.o)
 .ARM.attributes
                0x00000567       0x34 C:/ST/STM32CubeCLT_1.19.0/GNU-tools-for-STM32/bin/../lib/gcc/arm-none-eabi/13.3.1/../../../../arm-none-eabi/lib/thumb/v7e-m+fp/hard\libg_nano.a(libc_a-printf.o)
 .ARM.attributes
                0x0000059b       0x34 C:/ST/STM32CubeCLT_1.19.0/GNU-tools-for-STM32/bin/../lib/gcc/arm-none-eabi/13.3.1/../../../../arm-none-eabi/lib/thumb/v7e-m+fp/hard\libg_nano.a(libc_a-puts.o)
 .ARM.attributes
                0x000005cf       0x34 C:/ST/STM32CubeCLT_1.19.0/GNU-tools-for-STM32/bin/../lib/gcc/arm-none-eabi/13.3.1/../../../../arm-none-eabi/lib/thumb/v7e-m+fp/hard\libg_nano.a(libc_a-setvbuf.o)
 .ARM.attributes
                0x00000603       0x34 C:/ST/STM32CubeCLT_1.19.0/GNU-tools-for-STM32/bin/../lib/gcc/arm-none-eabi/13.3.1/../../../../arm-none-eabi/lib/thumb/v7e-m+fp/hard\libg_nano.a(libc_a-stdio.o)
 .ARM.attributes
                0x00000637       0x34 C:/ST/STM32CubeCLT_1.19.0/GNU-tools-for-STM32/bin/../lib/gcc/arm-none-eabi/13.3.1/../../../../arm-none-eabi/lib/thumb/v7e-m+fp/hard\libg_nano.a(libc_a-wbuf.o)
 .ARM.attributes
                0x0000066b       0x34 C:/ST/STM32CubeCLT_1.19.0/GNU-tools-for-STM32/bin/../lib/gcc/arm-none-eabi/13.3.1/../../../../arm-none-eabi/lib/thumb/v7e-m+fp/hard\libg_nano.a(libc_a-wsetup.o)
 .ARM.attributes
                0x0000069f       0x34 C:/ST/STM32CubeCLT_1.19.0/GNU-tools-for-STM32/bin/../lib/gcc/arm-none-eabi/13.3.1/../../../../arm-none-eabi/lib/thumb/v7e-m+fp/hard\libg_nano.a(libc_a-memset.o)
 .ARM.attributes
                0x000006d3       0x34 C:/ST/STM32CubeCLT_1.19.0/GNU-tools-for-STM32/bin/../lib/gcc/arm-none-eabi/13.3.1/../../../../arm-none-eabi/lib/thumb/v7e-m+fp/hard\libg_nano.a(libc_a-closer.o)
 .ARM.attributes
                0x00000707       0x34 C:/ST/STM32CubeCLT_1.19.0/GNU-tools-for-STM32/bin/../lib/gcc/arm-none-eabi/13.3.1/../../../../arm-none-eabi/lib/thumb/v7e-m+fp/hard\libg_nano.a(libc_a-reent.o)
 .ARM.attributes
                0x0000073b       0x34 C:/ST/STM32CubeCLT_1.19.0/GNU-tools-for-STM32/bin/../lib/gcc/arm-none-eabi/13.3.1/../../../../arm-none-eabi/lib/thumb/v7e-m+fp/hard\libg_nano.a(libc_a-impure.o)
 .ARM.attributes
                0x0000076f       0x34 C:/ST/STM32CubeCLT_1.19.0/GNU-tools-for-STM32/bin/../lib/gcc/arm-none-eabi/13.3.1/../../../../arm-none-eabi/lib/thumb/v7e-m+fp/hard\libg_nano.a(libc_a-lseekr.o)
 .ARM.attributes